<html>
<body>
<pre>
<h1>礦ision Build Log</h1>
<h2>Tool Versions:</h2>
IDE-Version: μVision V5.14.0.0
Copyright (C) 2015 ARM Ltd and ARM Germany GmbH. All rights reserved.
License Information: sadas Piller4F, asdasd, LIC=V859U-S11LV-RE8H3-AX91K-IFF8N-YWIAT
 
Tool Versions:
Toolchain:       MDK-ARM Professional  Version: 5.14.0.0
Toolchain Path:  D:\MDK5\ARM\ARMCC\Bin
C Compiler:      Armcc.exe V5.05 update 1 (build 106)
Assembler:       Armasm.exe V5.05 update 1 (build 106)
Linker/Locator:  ArmLink.exe V5.05 update 1 (build 106)
Library Manager: ArmAr.exe V5.05 update 1 (build 106)
Hex Converter:   FromElf.exe V5.05 update 1 (build 106)
CPU DLL:         SARMCM3.DLL V5.14.0.0
Dialog DLL:      DCM.DLL V1.13.1.0
Target DLL:      Segger\JL2CM3.dll V2.99.13.0
Dialog DLL:      TCM.DLL V1.14.4.0
 
<h2>Project:</h2>
D:\Desktop\卓越班工作文件\18级电赛训练\18级2020年秋季培训\第三周\石国强组\石国强\STM32_智能小车ver0.1 - 副本\USER\test.uvprojx
Project File Date:  11/23/2020

<h2>Output:</h2>
Rebuild target 'Target 1'
compiling delay.c...
compiling sys.c...
compiling usart.c...
compiling test.c...
compiling iic.c...
..\HARDWARE\iic\iic.c(6): warning:  #1-D: last line of file ends without a newline
  }
..\HARDWARE\iic\iic.c: 1 warning, 0 errors
assembling startup_stm32f10x_md.s...
compiling system_stm32f10x.c...
linking...
Program Size: Code=3084 RO-data=268 RW-data=12 ZI-data=1836  
".\Objects\test.cpp" - 0 Error(s), 1 Warning(s).

<h2>Software Packages used:</h2>

Package Vendor: Keil
                http://www.keil.com/pack/Keil.STM32F1xx_DFP.1.0.5.pack
                Keil::Device:Startup:1.0.0
                STMicroelectronics STM32F1 Series Device Support, Drivers and Examples
   * Component: Startup Version: 1.0.0

<h2>Collection of Component include folders:</h2>
  D:\Desktop\卓越班工作文件\18级电赛训练\18级2020年秋季培训\第三周\石国强组\石国强\STM32_智能小车ver0.1 - 副本\USER\RTE
  D:\Desktop\卓越班工作文件\18级电赛训练\18级2020年秋季培训\第三周\石国强组\石国强\STM32_智能小车ver0.1 - 副本\USER\RTE\Device\STM32F103C8
  D:\MDK5\ARM\PACK\Keil\STM32F1xx_DFP\1.0.5\Device\Include

<h2>Collection of Component Files used:</h2>

   * Component: Keil::Device:Startup:1.0.0
      Include file:  RTE_Driver\Config\RTE_Device.h
      Source file:   Device\Source\system_stm32f10x.c
      Source file:   Device\Source\ARM\STM32F1xx_OPT.s
      Source file:   Device\Source\ARM\startup_stm32f10x_md.s
</pre>
</body>
</html>
