Component: ARM Compiler 5.05 update 1 (build 106) Tool: armlink [4d0efa]

==============================================================================

Section Cross References

    test.o(i.main) refers to _printf_percent.o(.ARM.Collect$$_printf_percent$$00000000) for _printf_percent
    test.o(i.main) refers to _printf_f.o(.ARM.Collect$$_printf_percent$$00000003) for _printf_f
    test.o(i.main) refers to printf1.o(x$fpl$printf1) for _printf_fp_dec
    test.o(i.main) refers to sys.o(i.Stm32_Clock_Init) for Stm32_Clock_Init
    test.o(i.main) refers to delay.o(i.delay_init) for delay_init
    test.o(i.main) refers to mpu6050.o(i.MPU6050_Init) for MPU6050_Init
    test.o(i.main) refers to usart.o(i.uart_init) for uart_init
    test.o(i.main) refers to usart2.o(i.USART2_Init) for USART2_Init
    test.o(i.main) refers to mpu6050.o(i.LED_Init) for LED_Init
    test.o(i.main) refers to inv_mpu.o(i.mpu_dmp_init) for mpu_dmp_init
    test.o(i.main) refers to inv_mpu.o(i.mpu_dmp_get_data) for mpu_dmp_get_data
    test.o(i.main) refers to f2d.o(x$fpl$f2d) for __aeabi_f2d
    test.o(i.main) refers to noretval__2printf.o(.text) for __2printf
    test.o(i.main) refers to noretval__2sprintf.o(.text) for __2sprintf
    test.o(i.main) refers to test.o(i.USART2_Send_Byte) for USART2_Send_Byte
    test.o(i.main) refers to strlen.o(.text) for strlen
    test.o(i.main) refers to delay.o(i.delay_ms) for delay_ms
    delay.o(i.delay_init) refers to delay.o(.data) for fac_us
    delay.o(i.delay_ms) refers to delay.o(.data) for fac_ms
    delay.o(i.delay_us) refers to delay.o(.data) for fac_us
    sys.o(i.MYRCC_DeInit) refers to sys.o(i.MY_NVIC_SetVectorTable) for MY_NVIC_SetVectorTable
    sys.o(i.MY_NVIC_Init) refers to sys.o(i.MY_NVIC_PriorityGroupConfig) for MY_NVIC_PriorityGroupConfig
    sys.o(i.Stm32_Clock_Init) refers to sys.o(i.MYRCC_DeInit) for MYRCC_DeInit
    sys.o(i.Sys_Standby) refers to sys.o(i.WFI_SET) for WFI_SET
    usart.o(i.USART1_IRQHandler) refers (Special) to use_no_semi_2.o(.text) for __use_no_semihosting
    usart.o(i.USART1_IRQHandler) refers to usart.o(.data) for USART_RX_STA
    usart.o(i.USART1_IRQHandler) refers to usart.o(.bss) for USART_RX_BUF
    usart.o(i._sys_exit) refers (Special) to use_no_semi_2.o(.text) for __use_no_semihosting
    usart.o(i.fputc) refers (Special) to use_no_semi_2.o(.text) for __use_no_semihosting
    usart.o(i.uart_init) refers (Special) to use_no_semi_2.o(.text) for __use_no_semihosting
    usart.o(i.uart_init) refers to fflt_clz.o(x$fpl$ffltu) for __aeabi_ui2f
    usart.o(i.uart_init) refers to fdiv.o(x$fpl$fdiv) for __aeabi_fdiv
    usart.o(i.uart_init) refers to ffixu.o(x$fpl$ffixu) for __aeabi_f2uiz
    usart.o(i.uart_init) refers to faddsub_clz.o(x$fpl$frsb) for __aeabi_frsub
    usart.o(i.uart_init) refers to fmul.o(x$fpl$fmul) for __aeabi_fmul
    usart.o(i.uart_init) refers to sys.o(i.MY_NVIC_Init) for MY_NVIC_Init
    usart.o(.bss) refers (Special) to use_no_semi_2.o(.text) for __use_no_semihosting
    usart.o(.data) refers (Special) to use_no_semi_2.o(.text) for __use_no_semihosting
    iic.o(i.I2C_Read_ACK) refers to iic.o(i.delay) for delay
    iic.o(i.I2C_Read_Byte) refers to iic.o(i.delay) for delay
    iic.o(i.I2C_Start) refers to iic.o(i.delay) for delay
    iic.o(i.I2C_Stop) refers to iic.o(i.delay) for delay
    iic.o(i.I2C_Write_ACK) refers to iic.o(i.delay) for delay
    iic.o(i.I2C_Write_Byte) refers to iic.o(i.delay) for delay
    mpu6050.o(i.MPU6050_Get_Data) refers to mpu6050.o(i.MPU6050_Read_Reg) for MPU6050_Read_Reg
    mpu6050.o(i.MPU6050_Init) refers to iic.o(i.I2C_Init) for I2C_Init
    mpu6050.o(i.MPU6050_Init) refers to mpu6050.o(i.MPU6050_Write_Reg) for MPU6050_Write_Reg
    mpu6050.o(i.MPU6050_Read_Reg) refers to iic.o(i.I2C_Start) for I2C_Start
    mpu6050.o(i.MPU6050_Read_Reg) refers to iic.o(i.I2C_Write_Byte) for I2C_Write_Byte
    mpu6050.o(i.MPU6050_Read_Reg) refers to iic.o(i.I2C_Read_ACK) for I2C_Read_ACK
    mpu6050.o(i.MPU6050_Read_Reg) refers to iic.o(i.I2C_Stop) for I2C_Stop
    mpu6050.o(i.MPU6050_Read_Reg) refers to iic.o(i.I2C_Read_Byte) for I2C_Read_Byte
    mpu6050.o(i.MPU6050_Read_Reg) refers to iic.o(i.I2C_Write_ACK) for I2C_Write_ACK
    mpu6050.o(i.MPU6050_Write_Reg) refers to iic.o(i.I2C_Start) for I2C_Start
    mpu6050.o(i.MPU6050_Write_Reg) refers to iic.o(i.I2C_Write_Byte) for I2C_Write_Byte
    mpu6050.o(i.MPU6050_Write_Reg) refers to iic.o(i.I2C_Read_ACK) for I2C_Read_ACK
    mpu6050.o(i.MPU6050_Write_Reg) refers to iic.o(i.I2C_Stop) for I2C_Stop
    mpu6050.o(i.MPU_Read_Len) refers to iic.o(i.I2C_Start) for I2C_Start
    mpu6050.o(i.MPU_Read_Len) refers to iic.o(i.I2C_Write_Byte) for I2C_Write_Byte
    mpu6050.o(i.MPU_Read_Len) refers to iic.o(i.I2C_Read_ACK) for I2C_Read_ACK
    mpu6050.o(i.MPU_Read_Len) refers to iic.o(i.I2C_Stop) for I2C_Stop
    mpu6050.o(i.MPU_Read_Len) refers to iic.o(i.I2C_Read_Byte) for I2C_Read_Byte
    mpu6050.o(i.MPU_Read_Len) refers to iic.o(i.I2C_Write_ACK) for I2C_Write_ACK
[...]
    .ARM.Collect$$rtexit$$00000000           0x0800019a   Section        2  rtexit.o(.ARM.Collect$$rtexit$$00000000)
    .ARM.Collect$$rtexit$$00000002           0x0800019c   Section        0  rtexit2.o(.ARM.Collect$$rtexit$$00000002)
    .ARM.Collect$$rtexit$$00000003           0x0800019c   Section        4  rtexit2.o(.ARM.Collect$$rtexit$$00000003)
    .ARM.Collect$$rtexit$$00000004           0x080001a0   Section        6  rtexit2.o(.ARM.Collect$$rtexit$$00000004)
    .text                                    0x080001a8   Section       64  startup_stm32f10x_md.o(.text)
    .text                                    0x080001e8   Section        2  use_no_semi_2.o(.text)
    .text                                    0x080001ea   Section       72  llsdiv.o(.text)
    .text                                    0x08000234   Section        0  noretval__2printf.o(.text)
    .text                                    0x0800024c   Section        0  noretval__2sprintf.o(.text)
    .text                                    0x08000274   Section        0  _printf_dec.o(.text)
    .text                                    0x080002ec   Section        0  __printf_flags_wp.o(.text)
    .text                                    0x08000424   Section        0  memcmp.o(.text)
    .text                                    0x0800047c   Section        0  strlen.o(.text)
    .text                                    0x080004ba   Section       16  aeabi_memset.o(.text)
    .text                                    0x080004ca   Section        0  heapauxi.o(.text)
    .text                                    0x080004d0   Section        2  use_no_semi.o(.text)
    .text                                    0x080004d2   Section      238  lludivv7m.o(.text)
    .text                                    0x080005c0   Section        0  _rserrno.o(.text)
    .text                                    0x080005d6   Section        0  _printf_intcommon.o(.text)
    .text                                    0x08000688   Section        0  _printf_fp_dec.o(.text)
    _fp_digits                               0x0800068b   Thumb Code   428  _printf_fp_dec.o(.text)
    .text                                    0x08000aa4   Section        0  _printf_char_common.o(.text)
    _printf_input_char                       0x08000aa5   Thumb Code    10  _printf_char_common.o(.text)
    .text                                    0x08000ad4   Section        0  _sputc.o(.text)
    .text                                    0x08000ae0   Section        0  _printf_char_file.o(.text)
    .text                                    0x08000b04   Section       68  rt_memclr.o(.text)
    .text                                    0x08000b48   Section        8  rt_locale_intlibspace.o(.text)
    .text                                    0x08000b50   Section        8  rt_errno_addr_intlibspace.o(.text)
    .text                                    0x08000b58   Section      138  lludiv10.o(.text)
    .text                                    0x08000be4   Section        0  _printf_fp_infnan.o(.text)
    .text                                    0x08000c64   Section        0  bigflt0.o(.text)
    .text                                    0x08000d40   Section        0  ferror.o(.text)
    .text                                    0x08000d48   Section       78  rt_memclr_w.o(.text)
    .text                                    0x08000d98   Section        8  libspace.o(.text)
    .text                                    0x08000da0   Section       74  sys_stackheap_outer.o(.text)
    .text                                    0x08000dea   Section        0  exit.o(.text)
    .text                                    0x08000df8   Section      128  strcmpv7m.o(.text)
    CL$$btod_d2e                             0x08000e78   Section       62  btod.o(CL$$btod_d2e)
    CL$$btod_d2e_denorm_low                  0x08000eb6   Section       70  btod.o(CL$$btod_d2e_denorm_low)
    CL$$btod_d2e_norm_op1                    0x08000efc   Section       96  btod.o(CL$$btod_d2e_norm_op1)
    CL$$btod_div_common                      0x08000f5c   Section      824  btod.o(CL$$btod_div_common)
    CL$$btod_e2e                             0x08001294   Section      198  btod.o(CL$$btod_e2e)
    CL$$btod_ediv                            0x0800135a   Section       40  btod.o(CL$$btod_ediv)
    CL$$btod_emul                            0x08001382   Section       40  btod.o(CL$$btod_emul)
    CL$$btod_mult_common                     0x080013aa   Section      580  btod.o(CL$$btod_mult_common)
    i.I2C_Init                               0x080015f0   Section        0  iic.o(i.I2C_Init)
    i.I2C_Read_ACK                           0x08001630   Section        0  iic.o(i.I2C_Read_ACK)
    i.I2C_Read_Byte                          0x08001694   Section        0  iic.o(i.I2C_Read_Byte)
    i.I2C_Start                              0x08001708   Section        0  iic.o(i.I2C_Start)
    i.I2C_Stop                               0x08001754   Section        0  iic.o(i.I2C_Stop)
    i.I2C_Write_ACK                          0x08001798   Section        0  iic.o(i.I2C_Write_ACK)
    i.I2C_Write_Byte                         0x080017f0   Section        0  iic.o(i.I2C_Write_Byte)
    i.LED_Init                               0x08001860   Section        0  mpu6050.o(i.LED_Init)
    i.MPU6050_Init                           0x08001898   Section        0  mpu6050.o(i.MPU6050_Init)
    i.MPU6050_Write_Reg                      0x080018c8   Section        0  mpu6050.o(i.MPU6050_Write_Reg)
    i.MPU_Read_Len                           0x08001904   Section        0  mpu6050.o(i.MPU_Read_Len)
    i.MPU_Write_Len                          0x08001990   Section        0  mpu6050.o(i.MPU_Write_Len)
    i.MYRCC_DeInit                           0x080019f8   Section        0  sys.o(i.MYRCC_DeInit)
    i.MY_NVIC_Init                           0x08001a60   Section        0  sys.o(i.MY_NVIC_Init)
    i.MY_NVIC_PriorityGroupConfig            0x08001ad8   Section        0  sys.o(i.MY_NVIC_PriorityGroupConfig)
    i.MY_NVIC_SetVectorTable                 0x08001b00   Section        0  sys.o(i.MY_NVIC_SetVectorTable)
    i.SetSysClock                            0x08001b14   Section        0  system_stm32f10x.o(i.SetSysClock)
    SetSysClock                              0x08001b15   Thumb Code     8  system_stm32f10x.o(i.SetSysClock)
    i.SetSysClockTo72                        0x08001b1c   Section        0  system_stm32f10x.o(i.SetSysClockTo72)
    SetSysClockTo72                          0x08001b1d   Thumb Code   214  system_stm32f10x.o(i.SetSysClockTo72)
    i.Stm32_Clock_Init                       0x08001bfc   Section        0  sys.o(i.Stm32_Clock_Init)
    i.SystemInit                             0x08001c8c   Section        0  system_stm32f10x.o(i.SystemInit)
    i.TIM4_IRQHandler                        0x08001cec   Section        0  usart2.o(i.TIM4_IRQHandler)
    i.TIM4_Init                              0x08001d28   Section        0  usart2.o(i.TIM4_Init)
    i.USART1_IRQHandler                      0x08001d78   Section        0  usart.o(i.USART1_IRQHandler)
    i.USART2_IRQHandler                      0x08001dfc   Section        0  usart2.o(i.USART2_IRQHandler)
    i.USART2_Init                            0x08001e64   Section        0  usart2.o(i.USART2_Init)
    i.USART2_Send_Byte                       0x08001f20   Section        0  test.o(i.USART2_Send_Byte)
    i.__ARM_fpclassify                       0x08001f3c   Section        0  fpclassify.o(i.__ARM_fpclassify)
    i.__kernel_poly                          0x08001f64   Section        0  poly.o(i.__kernel_poly)
    i.__mathlib_dbl_infnan                   0x0800200e   Section        0  dunder.o(i.__mathlib_dbl_infnan)
    i.__mathlib_dbl_infnan2                  0x08002014   Section        0  dunder.o(i.__mathlib_dbl_infnan2)
    i.__mathlib_dbl_invalid                  0x08002018   Section        0  dunder.o(i.__mathlib_dbl_invalid)
    i.__mathlib_dbl_underflow                0x08002024   Section        0  dunder.o(i.__mathlib_dbl_underflow)
    i._is_digit                              0x08002034   Section        0  __printf_wp.o(i._is_digit)
    i._sys_exit                              0x08002042   Section        0  usart.o(i._sys_exit)
    i.accel_self_test                        0x08002048   Section        0  inv_mpu.o(i.accel_self_test)
    accel_self_test                          0x08002049   Thumb Code   164  inv_mpu.o(i.accel_self_test)
    i.asin                                   0x080020f0   Section        0  asin.o(i.asin)
    i.atan                                   0x08002360   Section        0  atan.o(i.atan)
    i.atan2                                  0x08002580   Section        0  atan2.o(i.atan2)
    i.decode_gesture                         0x08002700   Section        0  inv_mpu_dmp_motion_driver.o(i.decode_gesture)
    decode_gesture                           0x08002701   Thumb Code    94  inv_mpu_dmp_motion_driver.o(i.decode_gesture)
    i.delay                                  0x08002764   Section        0  iic.o(i.delay)
    i.delay_init                             0x08002774   Section        0  delay.o(i.delay_init)
    i.delay_ms                               0x080027b4   Section        0  delay.o(i.delay_ms)
    i.dmp_enable_6x_lp_quat                  0x080027f0   Section        0  inv_mpu_dmp_motion_driver.o(i.dmp_enable_6x_lp_quat)
    i.dmp_enable_feature                     0x0800282c   Section        0  inv_mpu_dmp_motion_driver.o(i.dmp_enable_feature)
    i.dmp_enable_gyro_cal                    0x08002a48   Section        0  inv_mpu_dmp_motion_driver.o(i.dmp_enable_gyro_cal)
    i.dmp_enable_lp_quat                     0x08002aa0   Section        0  inv_mpu_dmp_motion_driver.o(i.dmp_enable_lp_quat)
    i.dmp_load_motion_driver_firmware        0x08002adc   Section        0  inv_mpu_dmp_motion_driver.o(i.dmp_load_motion_driver_firmware)
    i.dmp_read_fifo                          0x08002af4   Section        0  inv_mpu_dmp_motion_driver.o(i.dmp_read_fifo)
    i.dmp_set_accel_bias                     0x08002cc0   Section        0  inv_mpu_dmp_motion_driver.o(i.dmp_set_accel_bias)
    i.dmp_set_fifo_rate                      0x08002df0   Section        0  inv_mpu_dmp_motion_driver.o(i.dmp_set_fifo_rate)
    i.dmp_set_gyro_bias                      0x08002e60   Section        0  inv_mpu_dmp_motion_driver.o(i.dmp_set_gyro_bias)
    i.dmp_set_orientation                    0x08002f90   Section        0  inv_mpu_dmp_motion_driver.o(i.dmp_set_orientation)
    i.dmp_set_shake_reject_thresh            0x080030c8   Section        0  inv_mpu_dmp_motion_driver.o(i.dmp_set_shake_reject_thresh)
    i.dmp_set_shake_reject_time              0x08003100   Section        0  inv_mpu_dmp_motion_driver.o(i.dmp_set_shake_reject_time)
    i.dmp_set_shake_reject_timeout           0x08003126   Section        0  inv_mpu_dmp_motion_driver.o(i.dmp_set_shake_reject_timeout)
    i.dmp_set_tap_axes                       0x0800314c   Section        0  inv_mpu_dmp_motion_driver.o(i.dmp_set_tap_axes)
    i.dmp_set_tap_count                      0x08003192   Section        0  inv_mpu_dmp_motion_driver.o(i.dmp_set_tap_count)
    i.dmp_set_tap_thresh                     0x080031b8   Section        0  inv_mpu_dmp_motion_driver.o(i.dmp_set_tap_thresh)
    i.dmp_set_tap_time                       0x08003358   Section        0  inv_mpu_dmp_motion_driver.o(i.dmp_set_tap_time)
    i.dmp_set_tap_time_multi                 0x0800337e   Section        0  inv_mpu_dmp_motion_driver.o(i.dmp_set_tap_time_multi)
    i.fputc                                  0x080033a4   Section        0  usart.o(i.fputc)
    i.get_accel_prod_shift                   0x080033c0   Section        0  inv_mpu.o(i.get_accel_prod_shift)
    get_accel_prod_shift                     0x080033c1   Thumb Code   168  inv_mpu.o(i.get_accel_prod_shift)
    i.get_st_biases                          0x08003474   Section        0  inv_mpu.o(i.get_st_biases)
    get_st_biases                            0x08003475   Thumb Code  1132  inv_mpu.o(i.get_st_biases)
    i.gyro_self_test                         0x080038e4   Section        0  inv_mpu.o(i.gyro_self_test)
    gyro_self_test                           0x080038e5   Thumb Code   256  inv_mpu.o(i.gyro_self_test)
    i.inv_orientation_matrix_to_scalar       0x080039f4   Section        0  inv_mpu.o(i.inv_orientation_matrix_to_scalar)
    i.inv_row_2_scale                        0x08003a1c   Section        0  inv_mpu.o(i.inv_row_2_scale)
    i.main                                   0x08003a6c   Section        0  test.o(i.main)
    i.mget_ms                                0x08003b64   Section        0  inv_mpu.o(i.mget_ms)
    i.mpu_configure_fifo                     0x08003b68   Section        0  inv_mpu.o(i.mpu_configure_fifo)
    i.mpu_dmp_get_data                       0x08003bd8   Section        0  inv_mpu.o(i.mpu_dmp_get_data)
    i.mpu_dmp_init                           0x08003dfc   Section        0  inv_mpu.o(i.mpu_dmp_init)
    i.mpu_get_accel_fsr                      0x08003e9c   Section        0  inv_mpu.o(i.mpu_get_accel_fsr)
    i.mpu_get_accel_sens                     0x08003ee8   Section        0  inv_mpu.o(i.mpu_get_accel_sens)
    i.mpu_get_fifo_config                    0x08003f3c   Section        0  inv_mpu.o(i.mpu_get_fifo_config)
    i.mpu_get_gyro_fsr                       0x08003f4c   Section        0  inv_mpu.o(i.mpu_get_gyro_fsr)
    i.mpu_get_gyro_sens                      0x08003f90   Section        0  inv_mpu.o(i.mpu_get_gyro_sens)
    i.mpu_get_lpf                            0x08003fe0   Section        0  inv_mpu.o(i.mpu_get_lpf)
    i.mpu_get_sample_rate                    0x08004030   Section        0  inv_mpu.o(i.mpu_get_sample_rate)
    i.mpu_init                               0x08004050   Section        0  inv_mpu.o(i.mpu_init)
    i.mpu_load_firmware                      0x08004240   Section        0  inv_mpu.o(i.mpu_load_firmware)
    i.mpu_lp_accel_mode                      0x080042f8   Section        0  inv_mpu.o(i.mpu_lp_accel_mode)
    i.mpu_read_fifo_stream                   0x080043d8   Section        0  inv_mpu.o(i.mpu_read_fifo_stream)
    i.mpu_read_mem                           0x08004498   Section        0  inv_mpu.o(i.mpu_read_mem)
    i.mpu_reset_fifo                         0x08004518   Section        0  inv_mpu.o(i.mpu_reset_fifo)
    i.mpu_run_self_test                      0x080046e0   Section        0  inv_mpu.o(i.mpu_run_self_test)
    i.mpu_set_accel_fsr                      0x080047fc   Section        0  inv_mpu.o(i.mpu_set_accel_fsr)
    i.mpu_set_bypass                         0x08004880   Section        0  inv_mpu.o(i.mpu_set_bypass)
    i.mpu_set_dmp_state                      0x080049cc   Section        0  inv_mpu.o(i.mpu_set_dmp_state)
    i.mpu_set_gyro_fsr                       0x08004a5c   Section        0  inv_mpu.o(i.mpu_set_gyro_fsr)
    i.mpu_set_int_latched                    0x08004ae4   Section        0  inv_mpu.o(i.mpu_set_int_latched)
    i.mpu_set_lpf                            0x08004b50   Section        0  inv_mpu.o(i.mpu_set_lpf)
    i.mpu_set_sample_rate                    0x08004bd4   Section        0  inv_mpu.o(i.mpu_set_sample_rate)
    i.mpu_set_sensors                        0x08004c70   Section        0  inv_mpu.o(i.mpu_set_sensors)
    i.mpu_write_mem                          0x08004d40   Section        0  inv_mpu.o(i.mpu_write_mem)
    i.run_self_test                          0x08004dc0   Section        0  inv_mpu.o(i.run_self_test)
    i.set_int_enable                         0x08004e54   Section        0  inv_mpu.o(i.set_int_enable)
    set_int_enable                           0x08004e55   Thumb Code   138  inv_mpu.o(i.set_int_enable)
    i.sqrt                                   0x08004ee4   Section        0  sqrt.o(i.sqrt)
    i.uart_init                              0x08004f30   Section        0  usart.o(i.uart_init)
    locale$$code                             0x0800500c   Section       44  lc_numeric_c.o(locale$$code)
    x$fpl$d2f                                0x08005038   Section       98  d2f.o(x$fpl$d2f)
    x$fpl$dadd                               0x0800509c   Section      336  daddsub_clz.o(x$fpl$dadd)
    _dadd1                                   0x080050ad   Thumb Code     0  daddsub_clz.o(x$fpl$dadd)
    x$fpl$dcheck1                            0x080051ec   Section       16  dcheck1.o(x$fpl$dcheck1)
    x$fpl$ddiv                               0x080051fc   Section      688  ddiv.o(x$fpl$ddiv)
    ddiv_entry                               0x08005203   Thumb Code     0  ddiv.o(x$fpl$ddiv)
    x$fpl$dmul                               0x080054ac   Section      340  dmul.o(x$fpl$dmul)
    x$fpl$dnaninf                            0x08005600   Section      156  dnaninf.o(x$fpl$dnaninf)
    x$fpl$dretinf                            0x0800569c   Section       12  dretinf.o(x$fpl$dretinf)
    x$fpl$drsb                               0x080056a8   Section       22  daddsub_clz.o(x$fpl$drsb)
    x$fpl$dsqrt                              0x080056c0   Section      460  dsqrt_noumaal.o(x$fpl$dsqrt)
    x$fpl$dsub                               0x0800588c   Section      468  daddsub_clz.o(x$fpl$dsub)
    _dsub1                                   0x0800589d   Thumb Code     0  daddsub_clz.o(x$fpl$dsub)
    x$fpl$f2d                                0x08005a60   Section       86  f2d.o(x$fpl$f2d)
    x$fpl$fadd                               0x08005ab8   Section      196  faddsub_clz.o(x$fpl$fadd)
    _fadd1                                   0x08005ac7   Thumb Code     0  faddsub_clz.o(x$fpl$fadd)
    x$fpl$fcmpinf                            0x08005b7c   Section       24  fcmpi.o(x$fpl$fcmpinf)
    x$fpl$fdiv                               0x08005b94   Section      388  fdiv.o(x$fpl$fdiv)
    _fdiv1                                   0x08005b95   Thumb Code     0  fdiv.o(x$fpl$fdiv)
    x$fpl$feqf                               0x08005d18   Section      104  feqf.o(x$fpl$feqf)
    x$fpl$ffix                               0x08005d80   Section       54  ffix.o(x$fpl$ffix)
    x$fpl$ffixu                              0x08005db8   Section       62  ffixu.o(x$fpl$ffixu)
    x$fpl$fflt                               0x08005df8   Section       48  fflt_clz.o(x$fpl$fflt)
    x$fpl$ffltu                              0x08005e28   Section       38  fflt_clz.o(x$fpl$ffltu)
    x$fpl$fleqf                              0x08005e50   Section      104  fleqf.o(x$fpl$fleqf)
    x$fpl$fmul                               0x08005eb8   Section      258  fmul.o(x$fpl$fmul)
    x$fpl$fnaninf                            0x08005fba   Section      140  fnaninf.o(x$fpl$fnaninf)
    x$fpl$fretinf                            0x08006046   Section       10  fretinf.o(x$fpl$fretinf)
    x$fpl$frleqf                             0x08006050   Section       98  frleqf.o(x$fpl$frleqf)
    x$fpl$frsb                               0x080060b2   Section       20  faddsub_clz.o(x$fpl$frsb)
    x$fpl$fsub                               0x080060c8   Section      234  faddsub_clz.o(x$fpl$fsub)
    _fsub1                                   0x080060d7   Thumb Code     0  faddsub_clz.o(x$fpl$fsub)
    x$fpl$printf1                            0x080061b2   Section        4  printf1.o(x$fpl$printf1)
    x$fpl$retnan                             0x080061b6   Section      100  retnan.o(x$fpl$retnan)
    x$fpl$scalbn                             0x0800621a   Section       92  scalbn.o(x$fpl$scalbn)
    x$fpl$trapveneer                         0x08006276   Section       48  trapv.o(x$fpl$trapveneer)
    x$fpl$usenofp                            0x080062a6   Section        0  usenofp.o(x$fpl$usenofp)
    .constdata                               0x080062a8   Section       80  inv_mpu.o(.constdata)
    .constdata                               0x080062f8   Section     3062  inv_mpu_dmp_motion_driver.o(.constdata)
    dmp_memory                               0x080062f8   Data        3062  inv_mpu_dmp_motion_driver.o(.constdata)
    .constdata                               0x08006eee   Section       17  __printf_flags_wp.o(.constdata)
    maptable                                 0x08006eee   Data          17  __printf_flags_wp.o(.constdata)
    .constdata                               0x08006f00   Section       80  asin.o(.constdata)
    pS                                       0x08006f00   Data          48  asin.o(.constdata)
    qS                                       0x08006f30   Data          32  asin.o(.constdata)
    .constdata                               0x08006f50   Section      152  atan.o(.constdata)
    atanhi                                   0x08006f50   Data          32  atan.o(.constdata)
    atanlo                                   0x08006f70   Data          32  atan.o(.constdata)
    aTodd                                    0x08006f90   Data          40  atan.o(.constdata)
    aTeven                                   0x08006fb8   Data          48  atan.o(.constdata)
    .constdata                               0x08006fe8   Section        8  qnan.o(.constdata)
    .constdata                               0x08006ff0   Section      148  bigflt0.o(.constdata)
    tenpwrs_x                                0x08006ff0   Data          60  bigflt0.o(.constdata)
    tenpwrs_i                                0x0800702c   Data          64  bigflt0.o(.constdata)
    .conststring                             0x08007084   Section       77  inv_mpu.o(.conststring)
    locale$$data                             0x080070f4   Section       28  lc_numeric_c.o(locale$$data)
    __lcnum_c_name                           0x080070f8   Data           2  lc_numeric_c.o(locale$$data)
    __lcnum_c_start                          0x08007100   Data           0  lc_numeric_c.o(locale$$data)
    __lcnum_c_point                          0x0800710c   Data           0  lc_numeric_c.o(locale$$data)
    __lcnum_c_thousands                      0x0800710e   Data           0  lc_numeric_c.o(locale$$data)
    __lcnum_c_grouping                       0x0800710f   Data           0  lc_numeric_c.o(locale$$data)
    __lcnum_c_end                            0x08007110   Data           0  lc_numeric_c.o(locale$$data)
    .data                                    0x20000000   Section        4  delay.o(.data)
    fac_us                                   0x20000000   Data           1  delay.o(.data)
    fac_ms                                   0x20000002   Data           2  delay.o(.data)
    .data                                    0x20000004   Section        6  usart.o(.data)
    .data                                    0x2000000c   Section       53  inv_mpu.o(.data)
    st                                       0x2000000c   Data          44  inv_mpu.o(.data)
    gyro_orientation                         0x20000038   Data           9  inv_mpu.o(.data)
    .data                                    0x20000042   Section        2  usart2.o(.data)
    .bss                                     0x20000044   Section      200  usart.o(.bss)
    .bss                                     0x2000010c   Section       16  inv_mpu_dmp_motion_driver.o(.bss)
    dmp                                      0x2000010c   Data          16  inv_mpu_dmp_motion_driver.o(.bss)
    .bss                                     0x2000011c   Section      200  usart2.o(.bss)
    .bss                                     0x200001e4   Section       96  libspace.o(.bss)
    HEAP                                     0x20000248   Section      512  startup_stm32f10x_md.o(HEAP)
    Heap_Mem                                 0x20000248   Data         512  startup_stm32f10x_md.o(HEAP)
    STACK                                    0x20000448   Section     1024  startup_stm32f10x_md.o(STACK)
    Stack_Mem                                0x20000448   Data        1024  startup_stm32f10x_md.o(STACK)
    __initial_sp                             0x20000848   Data           0  startup_stm32f10x_md.o(STACK)

    Global Symbols

    Symbol Name                              Value     Ov Type        Size  Object(Section)

    BuildAttributes$$THM_ISAv4$P$D$K$B$S$PE$A:L22UL41UL21$X:L11$S22US41US21$IEEE1$IW$USESV6$~STKCKD$USESV7$~SHL$OTIME$ROPI$IEEEX$EBA8$UX$STANDARDLIB$REQ8$PRES8$EABIv2 0x00000000   Number         0  anon$$obj.o ABSOLUTE
    __ARM_use_no_argv                        0x00000000   Number         0  test.o ABSOLUTE
    _printf_flags                            0x00000000   Number         0  printf_stubs.o ABSOLUTE
    _printf_return_value                     0x00000000   Number         0  printf_stubs.o ABSOLUTE
    _printf_sizespec                         0x00000000   Number         0  printf_stubs.o ABSOLUTE
    _printf_widthprec                        0x00000000   Number         0  printf_stubs.o ABSOLUTE
    __ARM_exceptions_init                     - Undefined Weak Reference
    __alloca_initialize                       - Undefined Weak Reference
    __arm_preinit_                            - Undefined Weak Reference
    __cpp_initialize__aeabi_                  - Undefined Weak Reference
    __cxa_finalize                            - Undefined Weak Reference
    __sigvec_lookup                           - Undefined Weak Reference
    _atexit_init                              - Undefined Weak Reference
    _call_atexit_fns                          - Undefined Weak Reference
    _clock_init                               - Undefined Weak Reference
    _fp_trap_init                             - Undefined Weak Reference
    _fp_trap_shutdown                         - Undefined Weak Reference
    _get_lc_collate                           - Undefined Weak Reference
    _get_lc_ctype                             - Undefined Weak Reference
    _get_lc_monetary                          - Undefined Weak Reference
    _get_lc_time                              - Undefined Weak Reference
    _getenv_init                              - Undefined Weak Reference
    _handle_redirection                       - Undefined Weak Reference
    _init_alloc                               - Undefined Weak Reference
    _init_user_alloc                          - Undefined Weak Reference
    _initio                                   - Undefined Weak Reference
    _mutex_acquire                            - Undefined Weak Reference
    _mutex_release                            - Undefined Weak Reference
    _printf_truncate_signed                   - Undefined Weak Reference
    _printf_truncate_unsigned                 - Undefined Weak Reference
    _rand_init                                - Undefined Weak Reference
    _signal_finish                            - Undefined Weak Reference
    _signal_init                              - Undefined Weak Reference
    _terminate_alloc                          - Undefined Weak Reference
    _terminate_user_alloc                     - Undefined Weak Reference
    _terminateio                              - Undefined Weak Reference
    __Vectors_Size                           0x000000ec   Number         0  startup_stm32f10x_md.o ABSOLUTE
    __Vectors                                0x08000000   Data           4  startup_stm32f10x_md.o(RESET)
    __Vectors_End                            0x080000ec   Data           0  startup_stm32f10x_md.o(RESET)
    __main                                   0x080000ed   Thumb Code     8  __main.o(!!!main)
    __scatterload                            0x080000f5   Thumb Code     0  __scatter.o(!!!scatter)
    __scatterload_rt2                        0x080000f5   Thumb Code    44  __scatter.o(!!!scatter)
    __scatterload_rt2_thumb_only             0x080000f5   Thumb Code     0  __scatter.o(!!!scatter)
    __scatterload_null                       0x08000103   Thumb Code     0  __scatter.o(!!!scatter)
    __scatterload_copy                       0x08000129   Thumb Code    26  __scatter_copy.o(!!handler_copy)
    __scatterload_zeroinit                   0x08000145   Thumb Code    28  __scatter_zi.o(!!handler_zi)
    _printf_f                                0x08000161   Thumb Code     0  _printf_f.o(.ARM.Collect$$_printf_percent$$00000003)
    _printf_percent                          0x08000161   Thumb Code     0  _printf_percent.o(.ARM.Collect$$_printf_percent$$00000000)
    _printf_d                                0x08000167   Thumb Code     0  _printf_d.o(.ARM.Collect$$_printf_percent$$00000009)
    _printf_percent_end                      0x0800016d   Thumb Code     0  _printf_percent_end.o(.ARM.Collect$$_printf_percent$$00000017)
    __rt_lib_init                            0x08000171   Thumb Code     0  libinit.o(.ARM.Collect$$libinit$$00000000)
    __rt_lib_init_fp_1                       0x08000173   Thumb Code     0  libinit2.o(.ARM.Collect$$libinit$$00000002)
    __rt_lib_init_heap_1                     0x08000173   Thumb Code     0  libinit2.o(.ARM.Collect$$libinit$$0000000A)
    __rt_lib_init_lc_common                  0x08000173   Thumb Code     0  libinit2.o(.ARM.Collect$$libinit$$0000000F)
    __rt_lib_init_preinit_1                  0x08000173   Thumb Code     0  libinit2.o(.ARM.Collect$$libinit$$00000004)
    __rt_lib_init_rand_1                     0x08000173   Thumb Code     0  libinit2.o(.ARM.Collect$$libinit$$0000000E)
    __rt_lib_init_user_alloc_1               0x08000173   Thumb Code     0  libinit2.o(.ARM.Collect$$libinit$$0000000C)
    __rt_lib_init_lc_collate_1               0x08000179   Thumb Code     0  libinit2.o(.ARM.Collect$$libinit$$00000011)
    __rt_lib_init_lc_ctype_1                 0x08000179   Thumb Code     0  libinit2.o(.ARM.Collect$$libinit$$00000013)
    __rt_lib_init_lc_monetary_1              0x08000179   Thumb Code     0  libinit2.o(.ARM.Collect$$libinit$$00000015)
    __rt_lib_init_lc_numeric_2               0x08000179   Thumb Code     0  libinit2.o(.ARM.Collect$$libinit$$00000016)
    __rt_lib_init_alloca_1                   0x08000183   Thumb Code     0  libinit2.o(.ARM.Collect$$libinit$$0000002E)
    __rt_lib_init_argv_1                     0x08000183   Thumb Code     0  libinit2.o(.ARM.Collect$$libinit$$0000002C)
    __rt_lib_init_atexit_1                   0x08000183   Thumb Code     0  libinit2.o(.ARM.Collect$$libinit$$0000001B)
    __rt_lib_init_clock_1                    0x08000183   Thumb Code     0  libinit2.o(.ARM.Collect$$libinit$$00000021)
    __rt_lib_init_cpp_1                      0x08000183   Thumb Code     0  libinit2.o(.ARM.Collect$$libinit$$00000032)
    __rt_lib_init_exceptions_1               0x08000183   Thumb Code     0  libinit2.o(.ARM.Collect$$libinit$$00000030)
    __rt_lib_init_fp_trap_1                  0x08000183   Thumb Code     0  libinit2.o(.ARM.Collect$$libinit$$0000001F)
    __rt_lib_init_getenv_1                   0x08000183   Thumb Code     0  libinit2.o(.ARM.Collect$$libinit$$00000023)
    __rt_lib_init_lc_numeric_1               0x08000183   Thumb Code     0  libinit2.o(.ARM.Collect$$libinit$$00000017)
    __rt_lib_init_lc_time_1                  0x08000183   Thumb Code     0  libinit2.o(.ARM.Collect$$libinit$$00000019)
    __rt_lib_init_return                     0x08000183   Thumb Code     0  libinit2.o(.ARM.Collect$$libinit$$00000033)
    __rt_lib_init_signal_1                   0x08000183   Thumb Code     0  libinit2.o(.ARM.Collect$$libinit$$0000001D)
    __rt_lib_init_stdio_1                    0x08000183   Thumb Code     0  libinit2.o(.ARM.Collect$$libinit$$00000025)
    __rt_lib_shutdown                        0x08000185   Thumb Code     0  libshutdown.o(.ARM.Collect$$libshutdown$$00000000)
    __rt_lib_shutdown_fp_trap_1              0x08000187   Thumb Code     0  libshutdown2.o(.ARM.Collect$$libshutdown$$00000006)
    __rt_lib_shutdown_heap_1                 0x08000187   Thumb Code     0  libshutdown2.o(.ARM.Collect$$libshutdown$$0000000E)
    __rt_lib_shutdown_return                 0x08000187   Thumb Code     0  libshutdown2.o(.ARM.Collect$$libshutdown$$0000000F)
    __rt_lib_shutdown_signal_1               0x08000187   Thumb Code     0  libshutdown2.o(.ARM.Collect$$libshutdown$$00000009)
    __rt_lib_shutdown_stdio_1                0x08000187   Thumb Code     0  libshutdown2.o(.ARM.Collect$$libshutdown$$00000003)
    __rt_lib_shutdown_user_alloc_1           0x08000187   Thumb Code     0  libshutdown2.o(.ARM.Collect$$libshutdown$$0000000B)
    __rt_entry                               0x08000189   Thumb Code     0  __rtentry.o(.ARM.Collect$$rtentry$$00000000)
    __rt_entry_presh_1                       0x08000189   Thumb Code     0  __rtentry2.o(.ARM.Collect$$rtentry$$00000002)
    __rt_entry_sh                            0x08000189   Thumb Code     0  __rtentry4.o(.ARM.Collect$$rtentry$$00000004)
    __rt_entry_li                            0x0800018f   Thumb Code     0  __rtentry2.o(.ARM.Collect$$rtentry$$0000000A)
    __rt_entry_postsh_1                      0x0800018f   Thumb Code     0  __rtentry2.o(.ARM.Collect$$rtentry$$00000009)
    __rt_entry_main                          0x08000193   Thumb Code     0  __rtentry2.o(.ARM.Collect$$rtentry$$0000000D)
    __rt_entry_postli_1                      0x08000193   Thumb Code     0  __rtentry2.o(.ARM.Collect$$rtentry$$0000000C)
    __rt_exit                                0x0800019b   Thumb Code     0  rtexit.o(.ARM.Collect$$rtexit$$00000000)
    __rt_exit_ls                             0x0800019d   Thumb Code     0  rtexit2.o(.ARM.Collect$$rtexit$$00000003)
    __rt_exit_prels_1                        0x0800019d   Thumb Code     0  rtexit2.o(.ARM.Collect$$rtexit$$00000002)
    __rt_exit_exit                           0x080001a1   Thumb Code     0  rtexit2.o(.ARM.Collect$$rtexit$$00000004)
    Reset_Handler                            0x080001a9   Thumb Code     8  startup_stm32f10x_md.o(.text)
    NMI_Handler                              0x080001b1   Thumb Code     2  startup_stm32f10x_md.o(.text)
    HardFault_Handler                        0x080001b3   Thumb Code     2  startup_stm32f10x_md.o(.text)
    MemManage_Handler                        0x080001b5   Thumb Code     2  startup_stm32f10x_md.o(.text)
    BusFault_Handler                         0x080001b7   Thumb Code     2  startup_stm32f10x_md.o(.text)
    UsageFault_Handler                       0x080001b9   Thumb Code     2  startup_stm32f10x_md.o(.text)
    SVC_Handler                              0x080001bb   Thumb Code     2  startup_stm32f10x_md.o(.text)
    DebugMon_Handler                         0x080001bd   Thumb Code     2  startup_stm32f10x_md.o(.text)
    PendSV_Handler                           0x080001bf   Thumb Code     2  startup_stm32f10x_md.o(.text)
    SysTick_Handler                          0x080001c1   Thumb Code     2  startup_stm32f10x_md.o(.text)
    ADC1_2_IRQHandler                        0x080001c3   Thumb Code     0  startup_stm32f10x_md.o(.text)
    CAN1_RX1_IRQHandler                      0x080001c3   Thumb Code     0  startup_stm32f10x_md.o(.text)
    CAN1_SCE_IRQHandler                      0x080001c3   Thumb Code     0  startup_stm32f10x_md.o(.text)
    DMA1_Channel1_IRQHandler                 0x080001c3   Thumb Code     0  startup_stm32f10x_md.o(.text)
    DMA1_Channel2_IRQHandler                 0x080001c3   Thumb Code     0  startup_stm32f10x_md.o(.text)
    DMA1_Channel3_IRQHandler                 0x080001c3   Thumb Code     0  startup_stm32f10x_md.o(.text)
    DMA1_Channel4_IRQHandler                 0x080001c3   Thumb Code     0  startup_stm32f10x_md.o(.text)
    DMA1_Channel5_IRQHandler                 0x080001c3   Thumb Code     0  startup_stm32f10x_md.o(.text)
    DMA1_Channel6_IRQHandler                 0x080001c3   Thumb Code     0  startup_stm32f10x_md.o(.text)
    DMA1_Channel7_IRQHandler                 0x080001c3   Thumb Code     0  startup_stm32f10x_md.o(.text)
    EXTI0_IRQHandler                         0x080001c3   Thumb Code     0  startup_stm32f10x_md.o(.text)
    EXTI15_10_IRQHandler                     0x080001c3   Thumb Code     0  startup_stm32f10x_md.o(.text)
    EXTI1_IRQHandler                         0x080001c3   Thumb Code     0  startup_stm32f10x_md.o(.text)
    EXTI2_IRQHandler                         0x080001c3   Thumb Code     0  startup_stm32f10x_md.o(.text)
    EXTI3_IRQHandler                         0x080001c3   Thumb Code     0  startup_stm32f10x_md.o(.text)
    EXTI4_IRQHandler                         0x080001c3   Thumb Code     0  startup_stm32f10x_md.o(.text)
    EXTI9_5_IRQHandler                       0x080001c3   Thumb Code     0  startup_stm32f10x_md.o(.text)
    FLASH_IRQHandler                         0x080001c3   Thumb Code     0  startup_stm32f10x_md.o(.text)
    I2C1_ER_IRQHandler                       0x080001c3   Thumb Code     0  startup_stm32f10x_md.o(.text)
    I2C1_EV_IRQHandler                       0x080001c3   Thumb Code     0  startup_stm32f10x_md.o(.text)
    I2C2_ER_IRQHandler                       0x080001c3   Thumb Code     0  startup_stm32f10x_md.o(.text)
    I2C2_EV_IRQHandler                       0x080001c3   Thumb Code     0  startup_stm32f10x_md.o(.text)
    PVD_IRQHandler                           0x080001c3   Thumb Code     0  startup_stm32f10x_md.o(.text)
    RCC_IRQHandler                           0x080001c3   Thumb Code     0  startup_stm32f10x_md.o(.text)
    RTCAlarm_IRQHandler                      0x080001c3   Thumb Code     0  startup_stm32f10x_md.o(.text)
    RTC_IRQHandler                           0x080001c3   Thumb Code     0  startup_stm32f10x_md.o(.text)
    SPI1_IRQHandler                          0x080001c3   Thumb Code     0  startup_stm32f10x_md.o(.text)
    SPI2_IRQHandler                          0x080001c3   Thumb Code     0  startup_stm32f10x_md.o(.text)
    TAMPER_IRQHandler                        0x080001c3   Thumb Code     0  startup_stm32f10x_md.o(.text)
    TIM1_BRK_IRQHandler                      0x080001c3   Thumb Code     0  startup_stm32f10x_md.o(.text)
    TIM1_CC_IRQHandler                       0x080001c3   Thumb Code     0  startup_stm32f10x_md.o(.text)
    TIM1_TRG_COM_IRQHandler                  0x080001c3   Thumb Code     0  startup_stm32f10x_md.o(.text)
    TIM1_UP_IRQHandler                       0x080001c3   Thumb Code     0  startup_stm32f10x_md.o(.text)
    TIM2_IRQHandler                          0x080001c3   Thumb Code     0  startup_stm32f10x_md.o(.text)
    TIM3_IRQHandler                          0x080001c3   Thumb Code     0  startup_stm32f10x_md.o(.text)
    USART3_IRQHandler                        0x080001c3   Thumb Code     0  startup_stm32f10x_md.o(.text)
    USBWakeUp_IRQHandler                     0x080001c3   Thumb Code     0  startup_stm32f10x_md.o(.text)
    USB_HP_CAN1_TX_IRQHandler                0x080001c3   Thumb Code     0  startup_stm32f10x_md.o(.text)
    USB_LP_CAN1_RX0_IRQHandler               0x080001c3   Thumb Code     0  startup_stm32f10x_md.o(.text)
    WWDG_IRQHandler                          0x080001c3   Thumb Code     0  startup_stm32f10x_md.o(.text)
    __user_initial_stackheap                 0x080001c5   Thumb Code     0  startup_stm32f10x_md.o(.text)
    __use_no_semihosting                     0x080001e9   Thumb Code     2  use_no_semi_2.o(.text)
    __aeabi_ldivmod                          0x080001eb   Thumb Code     0  llsdiv.o(.text)
    _ll_sdiv                                 0x080001eb   Thumb Code    72  llsdiv.o(.text)
    __2printf                                0x08000235   Thumb Code    20  noretval__2printf.o(.text)
    __2sprintf                               0x0800024d   Thumb Code    34  noretval__2sprintf.o(.text)
    _printf_int_dec                          0x08000275   Thumb Code   104  _printf_dec.o(.text)
    __printf                                 0x080002ed   Thumb Code   308  __printf_flags_wp.o(.text)
    memcmp                                   0x08000425   Thumb Code    88  memcmp.o(.text)
    strlen                                   0x0800047d   Thumb Code    62  strlen.o(.text)
    __aeabi_memset                           0x080004bb   Thumb Code    16  aeabi_memset.o(.text)
    __use_two_region_memory                  0x080004cb   Thumb Code     2  heapauxi.o(.text)
    __rt_heap_escrow$2region                 0x080004cd   Thumb Code     2  heapauxi.o(.text)
    __rt_heap_expand$2region                 0x080004cf   Thumb Code     2  heapauxi.o(.text)
    __I$use$semihosting                      0x080004d1   Thumb Code     0  use_no_semi.o(.text)
    __use_no_semihosting_swi                 0x080004d1   Thumb Code     2  use_no_semi.o(.text)
    __aeabi_uldivmod                         0x080004d3   Thumb Code     0  lludivv7m.o(.text)
    _ll_udiv                                 0x080004d3   Thumb Code   238  lludivv7m.o(.text)
    __read_errno                             0x080005c1   Thumb Code    10  _rserrno.o(.text)
    __set_errno                              0x080005cb   Thumb Code    12  _rserrno.o(.text)
    _printf_int_common                       0x080005d7   Thumb Code   178  _printf_intcommon.o(.text)
    __lib_sel_fp_printf                      0x08000689   Thumb Code     2  _printf_fp_dec.o(.text)
    _printf_fp_dec_real                      0x08000837   Thumb Code   620  _printf_fp_dec.o(.text)
    _printf_char_common                      0x08000aaf   Thumb Code    32  _printf_char_common.o(.text)
    _sputc                                   0x08000ad5   Thumb Code    10  _sputc.o(.text)
    _printf_char_file                        0x08000ae1   Thumb Code    32  _printf_char_file.o(.text)
    __aeabi_memclr                           0x08000b05   Thumb Code     0  rt_memclr.o(.text)
    __rt_memclr                              0x08000b05   Thumb Code    68  rt_memclr.o(.text)
    _memset                                  0x08000b09   Thumb Code     0  rt_memclr.o(.text)
    __rt_locale                              0x08000b49   Thumb Code     8  rt_locale_intlibspace.o(.text)
    __aeabi_errno_addr                       0x08000b51   Thumb Code     8  rt_errno_addr_intlibspace.o(.text)
    __errno$intlibspace                      0x08000b51   Thumb Code     0  rt_errno_addr_intlibspace.o(.text)
    __rt_errno_addr$intlibspace              0x08000b51   Thumb Code     0  rt_errno_addr_intlibspace.o(.text)
    _ll_udiv10                               0x08000b59   Thumb Code   138  lludiv10.o(.text)
    _printf_fp_infnan                        0x08000be5   Thumb Code   112  _printf_fp_infnan.o(.text)
    _btod_etento                             0x08000c65   Thumb Code   216  bigflt0.o(.text)
    ferror                                   0x08000d41   Thumb Code     8  ferror.o(.text)
    __aeabi_memclr4                          0x08000d49   Thumb Code     0  rt_memclr_w.o(.text)
    __aeabi_memclr8                          0x08000d49   Thumb Code     0  rt_memclr_w.o(.text)
    __rt_memclr_w                            0x08000d49   Thumb Code    78  rt_memclr_w.o(.text)
    _memset_w                                0x08000d4d   Thumb Code     0  rt_memclr_w.o(.text)
    __user_libspace                          0x08000d99   Thumb Code     8  libspace.o(.text)
    __user_perproc_libspace                  0x08000d99   Thumb Code     0  libspace.o(.text)
    __user_perthread_libspace                0x08000d99   Thumb Code     0  libspace.o(.text)
    __user_setup_stackheap                   0x08000da1   Thumb Code    74  sys_stackheap_outer.o(.text)
    exit                                     0x08000deb   Thumb Code    12  exit.o(.text)
    strcmp                                   0x08000df9   Thumb Code   128  strcmpv7m.o(.text)
    _btod_d2e                                0x08000e79   Thumb Code    62  btod.o(CL$$btod_d2e)
    _d2e_denorm_low                          0x08000eb7   Thumb Code    70  btod.o(CL$$btod_d2e_denorm_low)
    _d2e_norm_op1                            0x08000efd   Thumb Code    96  btod.o(CL$$btod_d2e_norm_op1)
    __btod_div_common                        0x08000f5d   Thumb Code   696  btod.o(CL$$btod_div_common)
    _e2e                                     0x08001295   Thumb Code   198  btod.o(CL$$btod_e2e)
    _btod_ediv                               0x0800135b   Thumb Code    40  btod.o(CL$$btod_ediv)
    _btod_emul                               0x08001383   Thumb Code    40  btod.o(CL$$btod_emul)
    __btod_mult_common                       0x080013ab   Thumb Code   580  btod.o(CL$$btod_mult_common)
    I2C_Init                                 0x080015f1   Thumb Code    48  iic.o(i.I2C_Init)
    I2C_Read_ACK                             0x08001631   Thumb Code    86  iic.o(i.I2C_Read_ACK)
    I2C_Read_Byte                            0x08001695   Thumb Code   104  iic.o(i.I2C_Read_Byte)
    I2C_Start                                0x08001709   Thumb Code    64  iic.o(i.I2C_Start)
    I2C_Stop                                 0x08001755   Thumb Code    54  iic.o(i.I2C_Stop)
    I2C_Write_ACK                            0x08001799   Thumb Code    74  iic.o(i.I2C_Write_ACK)
    I2C_Write_Byte                           0x080017f1   Thumb Code    98  iic.o(i.I2C_Write_Byte)
    LED_Init                                 0x08001861   Thumb Code    46  mpu6050.o(i.LED_Init)
    MPU6050_Init                             0x08001899   Thumb Code    48  mpu6050.o(i.MPU6050_Init)
    MPU6050_Write_Reg                        0x080018c9   Thumb Code    60  mpu6050.o(i.MPU6050_Write_Reg)
    MPU_Read_Len                             0x08001905   Thumb Code   140  mpu6050.o(i.MPU_Read_Len)
    MPU_Write_Len                            0x08001991   Thumb Code   104  mpu6050.o(i.MPU_Write_Len)
    MYRCC_DeInit                             0x080019f9   Thumb Code    90  sys.o(i.MYRCC_DeInit)
    MY_NVIC_Init                             0x08001a61   Thumb Code   116  sys.o(i.MY_NVIC_Init)
    MY_NVIC_PriorityGroupConfig              0x08001ad9   Thumb Code    32  sys.o(i.MY_NVIC_PriorityGroupConfig)
    MY_NVIC_SetVectorTable                   0x08001b01   Thumb Code    12  sys.o(i.MY_NVIC_SetVectorTable)
    Stm32_Clock_Init                         0x08001bfd   Thumb Code   134  sys.o(i.Stm32_Clock_Init)
    SystemInit                               0x08001c8d   Thumb Code    78  system_stm32f10x.o(i.SystemInit)
    TIM4_IRQHandler                          0x08001ced   Thumb Code    52  usart2.o(i.TIM4_IRQHandler)
    TIM4_Init                                0x08001d29   Thumb Code    72  usart2.o(i.TIM4_Init)
    USART1_IRQHandler                        0x08001d79   Thumb Code   118  usart.o(i.USART1_IRQHandler)
    USART2_IRQHandler                        0x08001dfd   Thumb Code    86  usart2.o(i.USART2_IRQHandler)
    USART2_Init                              0x08001e65   Thumb Code   162  usart2.o(i.USART2_Init)
    USART2_Send_Byte                         0x08001f21   Thumb Code    22  test.o(i.USART2_Send_Byte)
    __ARM_fpclassify                         0x08001f3d   Thumb Code    40  fpclassify.o(i.__ARM_fpclassify)
    __kernel_poly                            0x08001f65   Thumb Code   170  poly.o(i.__kernel_poly)
    __mathlib_dbl_infnan                     0x0800200f   Thumb Code     6  dunder.o(i.__mathlib_dbl_infnan)
    __mathlib_dbl_infnan2                    0x08002015   Thumb Code     4  dunder.o(i.__mathlib_dbl_infnan2)
    __mathlib_dbl_invalid                    0x08002019   Thumb Code    12  dunder.o(i.__mathlib_dbl_invalid)
    __mathlib_dbl_underflow                  0x08002025   Thumb Code    10  dunder.o(i.__mathlib_dbl_underflow)
    _is_digit                                0x08002035   Thumb Code    14  __printf_wp.o(i._is_digit)
    _sys_exit                                0x08002043   Thumb Code     6  usart.o(i._sys_exit)
    asin                                     0x080020f1   Thumb Code   572  asin.o(i.asin)
    atan                                     0x08002361   Thumb Code   474  atan.o(i.atan)
    atan2                                    0x08002581   Thumb Code   346  atan2.o(i.atan2)
    delay                                    0x08002765   Thumb Code    16  iic.o(i.delay)
    delay_init                               0x08002775   Thumb Code    56  delay.o(i.delay_init)
    delay_ms                                 0x080027b5   Thumb Code    56  delay.o(i.delay_ms)
    dmp_enable_6x_lp_quat                    0x080027f1   Thumb Code    60  inv_mpu_dmp_motion_driver.o(i.dmp_enable_6x_lp_quat)
    dmp_enable_feature                       0x0800282d   Thumb Code   530  inv_mpu_dmp_motion_driver.o(i.dmp_enable_feature)
    dmp_enable_gyro_cal                      0x08002a49   Thumb Code    62  inv_mpu_dmp_motion_driver.o(i.dmp_enable_gyro_cal)
    dmp_enable_lp_quat                       0x08002aa1   Thumb Code    60  inv_mpu_dmp_motion_driver.o(i.dmp_enable_lp_quat)
    dmp_load_motion_driver_firmware          0x08002add   Thumb Code    20  inv_mpu_dmp_motion_driver.o(i.dmp_load_motion_driver_firmware)
    dmp_read_fifo                            0x08002af5   Thumb Code   456  inv_mpu_dmp_motion_driver.o(i.dmp_read_fifo)
    dmp_set_accel_bias                       0x08002cc1   Thumb Code   300  inv_mpu_dmp_motion_driver.o(i.dmp_set_accel_bias)
    dmp_set_fifo_rate                        0x08002df1   Thumb Code    96  inv_mpu_dmp_motion_driver.o(i.dmp_set_fifo_rate)
    dmp_set_gyro_bias                        0x08002e61   Thumb Code   294  inv_mpu_dmp_motion_driver.o(i.dmp_set_gyro_bias)
    dmp_set_orientation                      0x08002f91   Thumb Code   290  inv_mpu_dmp_motion_driver.o(i.dmp_set_orientation)
    dmp_set_shake_reject_thresh              0x080030c9   Thumb Code    56  inv_mpu_dmp_motion_driver.o(i.dmp_set_shake_reject_thresh)
    dmp_set_shake_reject_time                0x08003101   Thumb Code    38  inv_mpu_dmp_motion_driver.o(i.dmp_set_shake_reject_time)
    dmp_set_shake_reject_timeout             0x08003127   Thumb Code    38  inv_mpu_dmp_motion_driver.o(i.dmp_set_shake_reject_timeout)
    dmp_set_tap_axes                         0x0800314d   Thumb Code    70  inv_mpu_dmp_motion_driver.o(i.dmp_set_tap_axes)
    dmp_set_tap_count                        0x08003193   Thumb Code    38  inv_mpu_dmp_motion_driver.o(i.dmp_set_tap_count)
    dmp_set_tap_thresh                       0x080031b9   Thumb Code   396  inv_mpu_dmp_motion_driver.o(i.dmp_set_tap_thresh)
    dmp_set_tap_time                         0x08003359   Thumb Code    38  inv_mpu_dmp_motion_driver.o(i.dmp_set_tap_time)
    dmp_set_tap_time_multi                   0x0800337f   Thumb Code    38  inv_mpu_dmp_motion_driver.o(i.dmp_set_tap_time_multi)
    fputc                                    0x080033a5   Thumb Code    24  usart.o(i.fputc)
    inv_orientation_matrix_to_scalar         0x080039f5   Thumb Code    40  inv_mpu.o(i.inv_orientation_matrix_to_scalar)
    inv_row_2_scale                          0x08003a1d   Thumb Code    78  inv_mpu.o(i.inv_row_2_scale)
    main                                     0x08003a6d   Thumb Code   204  test.o(i.main)
    mget_ms                                  0x08003b65   Thumb Code     2  inv_mpu.o(i.mget_ms)
    mpu_configure_fifo                       0x08003b69   Thumb Code   106  inv_mpu.o(i.mpu_configure_fifo)
    mpu_dmp_get_data                         0x08003bd9   Thumb Code   544  inv_mpu.o(i.mpu_dmp_get_data)
    mpu_dmp_init                             0x08003dfd   Thumb Code   154  inv_mpu.o(i.mpu_dmp_init)
    mpu_get_accel_fsr                        0x08003e9d   Thumb Code    72  inv_mpu.o(i.mpu_get_accel_fsr)
    mpu_get_accel_sens                       0x08003ee9   Thumb Code    78  inv_mpu.o(i.mpu_get_accel_sens)
    mpu_get_fifo_config                      0x08003f3d   Thumb Code    12  inv_mpu.o(i.mpu_get_fifo_config)
    mpu_get_gyro_fsr                         0x08003f4d   Thumb Code    64  inv_mpu.o(i.mpu_get_gyro_fsr)
    mpu_get_gyro_sens                        0x08003f91   Thumb Code    58  inv_mpu.o(i.mpu_get_gyro_sens)
    mpu_get_lpf                              0x08003fe1   Thumb Code    74  inv_mpu.o(i.mpu_get_lpf)
    mpu_get_sample_rate                      0x08004031   Thumb Code    26  inv_mpu.o(i.mpu_get_sample_rate)
    mpu_init                                 0x08004051   Thumb Code   416  inv_mpu.o(i.mpu_init)
    mpu_load_firmware                        0x08004241   Thumb Code   180  inv_mpu.o(i.mpu_load_firmware)
    mpu_lp_accel_mode                        0x080042f9   Thumb Code   218  inv_mpu.o(i.mpu_lp_accel_mode)
    mpu_read_fifo_stream                     0x080043d9   Thumb Code   186  inv_mpu.o(i.mpu_read_fifo_stream)
    mpu_read_mem                             0x08004499   Thumb Code   122  inv_mpu.o(i.mpu_read_mem)
    mpu_reset_fifo                           0x08004519   Thumb Code   450  inv_mpu.o(i.mpu_reset_fifo)
    mpu_run_self_test                        0x080046e1   Thumb Code   278  inv_mpu.o(i.mpu_run_self_test)
    mpu_set_accel_fsr                        0x080047fd   Thumb Code   126  inv_mpu.o(i.mpu_set_accel_fsr)
    mpu_set_bypass                           0x08004881   Thumb Code   328  inv_mpu.o(i.mpu_set_bypass)
    mpu_set_dmp_state                        0x080049cd   Thumb Code   138  inv_mpu.o(i.mpu_set_dmp_state)
    mpu_set_gyro_fsr                         0x08004a5d   Thumb Code   132  inv_mpu.o(i.mpu_set_gyro_fsr)
    mpu_set_int_latched                      0x08004ae5   Thumb Code   102  inv_mpu.o(i.mpu_set_int_latched)
    mpu_set_lpf                              0x08004b51   Thumb Code   126  inv_mpu.o(i.mpu_set_lpf)
    mpu_set_sample_rate                      0x08004bd5   Thumb Code   152  inv_mpu.o(i.mpu_set_sample_rate)
    mpu_set_sensors                          0x08004c71   Thumb Code   202  inv_mpu.o(i.mpu_set_sensors)
    mpu_write_mem                            0x08004d41   Thumb Code   122  inv_mpu.o(i.mpu_write_mem)
    run_self_test                            0x08004dc1   Thumb Code   148  inv_mpu.o(i.run_self_test)
    sqrt                                     0x08004ee5   Thumb Code    76  sqrt.o(i.sqrt)
    uart_init                                0x08004f31   Thumb Code   202  usart.o(i.uart_init)
    _get_lc_numeric                          0x0800500d   Thumb Code    44  lc_numeric_c.o(locale$$code)
    __aeabi_d2f                              0x08005039   Thumb Code     0  d2f.o(x$fpl$d2f)
    _d2f                                     0x08005039   Thumb Code    98  d2f.o(x$fpl$d2f)
    __aeabi_dadd                             0x0800509d   Thumb Code     0  daddsub_clz.o(x$fpl$dadd)
    _dadd                                    0x0800509d   Thumb Code   332  daddsub_clz.o(x$fpl$dadd)
    __fpl_dcheck_NaN1                        0x080051ed   Thumb Code    10  dcheck1.o(x$fpl$dcheck1)
    __aeabi_ddiv                             0x080051fd   Thumb Code     0  ddiv.o(x$fpl$ddiv)
    _ddiv                                    0x080051fd   Thumb Code   552  ddiv.o(x$fpl$ddiv)
    __aeabi_dmul                             0x080054ad   Thumb Code     0  dmul.o(x$fpl$dmul)
    _dmul                                    0x080054ad   Thumb Code   332  dmul.o(x$fpl$dmul)
    __fpl_dnaninf                            0x08005601   Thumb Code   156  dnaninf.o(x$fpl$dnaninf)
    __fpl_dretinf                            0x0800569d   Thumb Code    12  dretinf.o(x$fpl$dretinf)
    __aeabi_drsub                            0x080056a9   Thumb Code     0  daddsub_clz.o(x$fpl$drsb)
    _drsb                                    0x080056a9   Thumb Code    22  daddsub_clz.o(x$fpl$drsb)
    _dsqrt                                   0x080056c1   Thumb Code   456  dsqrt_noumaal.o(x$fpl$dsqrt)
    __aeabi_dsub                             0x0800588d   Thumb Code     0  daddsub_clz.o(x$fpl$dsub)
    _dsub                                    0x0800588d   Thumb Code   464  daddsub_clz.o(x$fpl$dsub)
    __aeabi_f2d                              0x08005a61   Thumb Code     0  f2d.o(x$fpl$f2d)
    _f2d                                     0x08005a61   Thumb Code    86  f2d.o(x$fpl$f2d)
    __aeabi_fadd                             0x08005ab9   Thumb Code     0  faddsub_clz.o(x$fpl$fadd)
    _fadd                                    0x08005ab9   Thumb Code   196  faddsub_clz.o(x$fpl$fadd)
    __fpl_fcmp_Inf                           0x08005b7d   Thumb Code    24  fcmpi.o(x$fpl$fcmpinf)
    __aeabi_fdiv                             0x08005b95   Thumb Code     0  fdiv.o(x$fpl$fdiv)
    _fdiv                                    0x08005b95   Thumb Code   384  fdiv.o(x$fpl$fdiv)
    __aeabi_cfcmpeq                          0x08005d19   Thumb Code     0  feqf.o(x$fpl$feqf)
    _fcmpeq                                  0x08005d19   Thumb Code   104  feqf.o(x$fpl$feqf)
    __aeabi_f2iz                             0x08005d81   Thumb Code     0  ffix.o(x$fpl$ffix)
    _ffix                                    0x08005d81   Thumb Code    54  ffix.o(x$fpl$ffix)
    __aeabi_f2uiz                            0x08005db9   Thumb Code     0  ffixu.o(x$fpl$ffixu)
    _ffixu                                   0x08005db9   Thumb Code    62  ffixu.o(x$fpl$ffixu)
    __aeabi_i2f                              0x08005df9   Thumb Code     0  fflt_clz.o(x$fpl$fflt)
    _fflt                                    0x08005df9   Thumb Code    48  fflt_clz.o(x$fpl$fflt)
    __aeabi_ui2f                             0x08005e29   Thumb Code     0  fflt_clz.o(x$fpl$ffltu)
    _ffltu                                   0x08005e29   Thumb Code    38  fflt_clz.o(x$fpl$ffltu)
    __aeabi_cfcmple                          0x08005e51   Thumb Code     0  fleqf.o(x$fpl$fleqf)
    _fcmple                                  0x08005e51   Thumb Code   104  fleqf.o(x$fpl$fleqf)
    __fpl_fcmple_InfNaN                      0x08005ea3   Thumb Code     0  fleqf.o(x$fpl$fleqf)
    __aeabi_fmul                             0x08005eb9   Thumb Code     0  fmul.o(x$fpl$fmul)
    _fmul                                    0x08005eb9   Thumb Code   258  fmul.o(x$fpl$fmul)
    __fpl_fnaninf                            0x08005fbb   Thumb Code   140  fnaninf.o(x$fpl$fnaninf)
    __fpl_fretinf                            0x08006047   Thumb Code    10  fretinf.o(x$fpl$fretinf)
    __aeabi_cfrcmple                         0x08006051   Thumb Code     0  frleqf.o(x$fpl$frleqf)
    _frcmple                                 0x08006051   Thumb Code    98  frleqf.o(x$fpl$frleqf)
    __aeabi_frsub                            0x080060b3   Thumb Code     0  faddsub_clz.o(x$fpl$frsb)
    _frsb                                    0x080060b3   Thumb Code    20  faddsub_clz.o(x$fpl$frsb)
    __aeabi_fsub                             0x080060c9   Thumb Code     0  faddsub_clz.o(x$fpl$fsub)
    _fsub                                    0x080060c9   Thumb Code   234  faddsub_clz.o(x$fpl$fsub)
    _printf_fp_dec                           0x080061b3   Thumb Code     4  printf1.o(x$fpl$printf1)
    __fpl_return_NaN                         0x080061b7   Thumb Code   100  retnan.o(x$fpl$retnan)
    __ARM_scalbn                             0x0800621b   Thumb Code    92  scalbn.o(x$fpl$scalbn)
    __fpl_cmpreturn                          0x08006277   Thumb Code    48  trapv.o(x$fpl$trapveneer)
    __I$use$fp                               0x080062a6   Number         0  usenofp.o(x$fpl$usenofp)
    reg                                      0x080062a8   Data          27  inv_mpu.o(.constdata)
    hw                                       0x080062c4   Data          12  inv_mpu.o(.constdata)
    test                                     0x080062d0   Data          40  inv_mpu.o(.constdata)
    __mathlib_zero                           0x08006fe8   Data           8  qnan.o(.constdata)
    Region$$Table$$Base                      0x080070d4   Number         0  anon$$obj.o(Region$$Table)
    Region$$Table$$Limit                     0x080070f4   Number         0  anon$$obj.o(Region$$Table)
    __stdout                                 0x20000004   Data           4  usart.o(.data)
    USART_RX_STA                             0x20000008   Data           2  usart.o(.data)
    USART2_RX_STA                            0x20000042   Data           2  usart2.o(.data)
    USART_RX_BUF                             0x20000044   Data         200  usart.o(.bss)
    USART2_RX_BUF                            0x2000011c   Data         200  usart2.o(.bss)
    __libspace_start                         0x200001e4   Data          96  libspace.o(.bss)
    __temporary_stack_top$libspace           0x20000244   Data           0  libspace.o(.bss)



==============================================================================

Memory Map of the image

  Image Entry point : 0x080000ed

  Load Region LR_IROM1 (Base: 0x08000000, Size: 0x00007154, Max: 0x00010000, ABSOLUTE)

    Execution Region ER_IROM1 (Base: 0x08000000, Size: 0x00007110, Max: 0x00010000, ABSOLUTE)

    Base Addr    Size         Type   Attr      Idx    E Section Name        Object

    0x08000000   0x000000ec   Data   RO          873    RESET               startup_stm32f10x_md.o
    0x080000ec   0x00000008   Code   RO          985  * !!!main             c_w.l(__main.o)
    0x080000f4   0x00000034   Code   RO         1350    !!!scatter          c_w.l(__scatter.o)
    0x08000128   0x0000001a   Code   RO         1352    !!handler_copy      c_w.l(__scatter_copy.o)
    0x08000142   0x00000002   PAD
    0x08000144   0x0000001c   Code   RO         1354    !!handler_zi        c_w.l(__scatter_zi.o)
    0x08000160   0x00000000   Code   RO          976    .ARM.Collect$$_printf_percent$$00000000  c_w.l(_printf_percent.o)
    0x08000160   0x00000006   Code   RO          975    .ARM.Collect$$_printf_percent$$00000003  c_w.l(_printf_f.o)
    0x08000166   0x00000006   Code   RO          974    .ARM.Collect$$_printf_percent$$00000009  c_w.l(_printf_d.o)
    0x0800016c   0x00000004   Code   RO         1062    .ARM.Collect$$_printf_percent$$00000017  c_w.l(_printf_percent_end.o)
    0x08000170   0x00000002   Code   RO         1218    .ARM.Collect$$libinit$$00000000  c_w.l(libinit.o)
    0x08000172   0x00000000   Code   RO         1220    .ARM.Collect$$libinit$$00000002  c_w.l(libinit2.o)
    0x08000172   0x00000000   Code   RO         1222    .ARM.Collect$$libinit$$00000004  c_w.l(libinit2.o)
    0x08000172   0x00000000   Code   RO         1225    .ARM.Collect$$libinit$$0000000A  c_w.l(libinit2.o)
    0x08000172   0x00000000   Code   RO         1227    .ARM.Collect$$libinit$$0000000C  c_w.l(libinit2.o)
    0x08000172   0x00000000   Code   RO         1229    .ARM.Collect$$libinit$$0000000E  c_w.l(libinit2.o)
    0x08000172   0x00000006   Code   RO         1230    .ARM.Collect$$libinit$$0000000F  c_w.l(libinit2.o)
    0x08000178   0x00000000   Code   RO         1232    .ARM.Collect$$libinit$$00000011  c_w.l(libinit2.o)
    0x08000178   0x00000000   Code   RO         1234    .ARM.Collect$$libinit$$00000013  c_w.l(libinit2.o)
    0x08000178   0x00000000   Code   RO         1236    .ARM.Collect$$libinit$$00000015  c_w.l(libinit2.o)
    0x08000178   0x0000000a   Code   RO         1237    .ARM.Collect$$libinit$$00000016  c_w.l(libinit2.o)
    0x08000182   0x00000000   Code   RO         1238    .ARM.Collect$$libinit$$00000017  c_w.l(libinit2.o)
    0x08000182   0x00000000   Code   RO         1240    .ARM.Collect$$libinit$$00000019  c_w.l(libinit2.o)
    0x08000182   0x00000000   Code   RO         1242    .ARM.Collect$$libinit$$0000001B  c_w.l(libinit2.o)
    0x08000182   0x00000000   Code   RO         1244    .ARM.Collect$$libinit$$0000001D  c_w.l(libinit2.o)
    0x08000182   0x00000000   Code   RO         1246    .ARM.Collect$$libinit$$0000001F  c_w.l(libinit2.o)
    0x08000182   0x00000000   Code   RO         1248    .ARM.Collect$$libinit$$00000021  c_w.l(libinit2.o)
    0x08000182   0x00000000   Code   RO         1250    .ARM.Collect$$libinit$$00000023  c_w.l(libinit2.o)
    0x08000182   0x00000000   Code   RO         1252    .ARM.Collect$$libinit$$00000025  c_w.l(libinit2.o)
    0x08000182   0x00000000   Code   RO         1256    .ARM.Collect$$libinit$$0000002C  c_w.l(libinit2.o)
    0x08000182   0x00000000   Code   RO         1258    .ARM.Collect$$libinit$$0000002E  c_w.l(libinit2.o)
    0x08000182   0x00000000   Code   RO         1260    .ARM.Collect$$libinit$$00000030  c_w.l(libinit2.o)
    0x08000182   0x00000000   Code   RO         1262    .ARM.Collect$$libinit$$00000032  c_w.l(libinit2.o)
    0x08000182   0x00000002   Code   RO         1263    .ARM.Collect$$libinit$$00000033  c_w.l(libinit2.o)
    0x08000184   0x00000002   Code   RO         1311    .ARM.Collect$$libshutdown$$00000000  c_w.l(libshutdown.o)
    0x08000186   0x00000000   Code   RO         1321    .ARM.Collect$$libshutdown$$00000003  c_w.l(libshutdown2.o)
    0x08000186   0x00000000   Code   RO         1324    .ARM.Collect$$libshutdown$$00000006  c_w.l(libshutdown2.o)
    0x08000186   0x00000000   Code   RO         1327    .ARM.Collect$$libshutdown$$00000009  c_w.l(libshutdown2.o)
    0x08000186   0x00000000   Code   RO         1329    .ARM.Collect$$libshutdown$$0000000B  c_w.l(libshutdown2.o)
    0x08000186   0x00000000   Code   RO         1332    .ARM.Collect$$libshutdown$$0000000E  c_w.l(libshutdown2.o)
    0x08000186   0x00000002   Code   RO         1333    .ARM.Collect$$libshutdown$$0000000F  c_w.l(libshutdown2.o)
    0x08000188   0x00000000   Code   RO         1047    .ARM.Collect$$rtentry$$00000000  c_w.l(__rtentry.o)
    0x08000188   0x00000000   Code   RO         1126    .ARM.Collect$$rtentry$$00000002  c_w.l(__rtentry2.o)
    0x08000188   0x00000006   Code   RO         1138    .ARM.Collect$$rtentry$$00000004  c_w.l(__rtentry4.o)
    0x0800018e   0x00000000   Code   RO         1128    .ARM.Collect$$rtentry$$00000009  c_w.l(__rtentry2.o)
    0x0800018e   0x00000004   Code   RO         1129    .ARM.Collect$$rtentry$$0000000A  c_w.l(__rtentry2.o)
    0x08000192   0x00000000   Code   RO         1131    .ARM.Collect$$rtentry$$0000000C  c_w.l(__rtentry2.o)
    0x08000192   0x00000008   Code   RO         1132    .ARM.Collect$$rtentry$$0000000D  c_w.l(__rtentry2.o)
    0x0800019a   0x00000002   Code   RO         1268    .ARM.Collect$$rtexit$$00000000  c_w.l(rtexit.o)
    0x0800019c   0x00000000   Code   RO         1281    .ARM.Collect$$rtexit$$00000002  c_w.l(rtexit2.o)
    0x0800019c   0x00000004   Code   RO         1282    .ARM.Collect$$rtexit$$00000003  c_w.l(rtexit2.o)
    0x080001a0   0x00000006   Code   RO         1283    .ARM.Collect$$rtexit$$00000004  c_w.l(rtexit2.o)
    0x080001a6   0x00000002   PAD
    0x080001a8   0x00000040   Code   RO          874    .text               startup_stm32f10x_md.o
    0x080001e8   0x00000002   Code   RO          914    .text               c_w.l(use_no_semi_2.o)
    0x080001ea   0x00000048   Code   RO          916    .text               c_w.l(llsdiv.o)
    0x08000232   0x00000002   PAD
    0x08000234   0x00000018   Code   RO          922    .text               c_w.l(noretval__2printf.o)
    0x0800024c   0x00000028   Code   RO          924    .text               c_w.l(noretval__2sprintf.o)
    0x08000274   0x00000078   Code   RO          930    .text               c_w.l(_printf_dec.o)
    0x080002ec   0x00000138   Code   RO          965    .text               c_w.l(__printf_flags_wp.o)
    0x08000424   0x00000058   Code   RO          977    .text               c_w.l(memcmp.o)
    0x0800047c   0x0000003e   Code   RO          979    .text               c_w.l(strlen.o)
    0x080004ba   0x00000010   Code   RO          981    .text               c_w.l(aeabi_memset.o)
    0x080004ca   0x00000006   Code   RO          983    .text               c_w.l(heapauxi.o)
    0x080004d0   0x00000002   Code   RO         1045    .text               c_w.l(use_no_semi.o)
    0x080004d2   0x000000ee   Code   RO         1048    .text               c_w.l(lludivv7m.o)
    0x080005c0   0x00000016   Code   RO         1050    .text               c_w.l(_rserrno.o)
    0x080005d6   0x000000b2   Code   RO         1052    .text               c_w.l(_printf_intcommon.o)
    0x08000688   0x0000041a   Code   RO         1054    .text               c_w.l(_printf_fp_dec.o)
    0x08000aa2   0x00000002   PAD
    0x08000aa4   0x00000030   Code   RO         1056    .text               c_w.l(_printf_char_common.o)
    0x08000ad4   0x0000000a   Code   RO         1058    .text               c_w.l(_sputc.o)
    0x08000ade   0x00000002   PAD
    0x08000ae0   0x00000024   Code   RO         1060    .text               c_w.l(_printf_char_file.o)
    0x08000b04   0x00000044   Code   RO         1063    .text               c_w.l(rt_memclr.o)
    0x08000b48   0x00000008   Code   RO         1147    .text               c_w.l(rt_locale_intlibspace.o)
    0x08000b50   0x00000008   Code   RO         1152    .text               c_w.l(rt_errno_addr_intlibspace.o)
    0x08000b58   0x0000008a   Code   RO         1154    .text               c_w.l(lludiv10.o)
    0x08000be2   0x00000002   PAD
    0x08000be4   0x00000080   Code   RO         1156    .text               c_w.l(_printf_fp_infnan.o)
    0x08000c64   0x000000dc   Code   RO         1160    .text               c_w.l(bigflt0.o)
    0x08000d40   0x00000008   Code   RO         1185    .text               c_w.l(ferror.o)
    0x08000d48   0x0000004e   Code   RO         1192    .text               c_w.l(rt_memclr_w.o)
    0x08000d96   0x00000002   PAD
    0x08000d98   0x00000008   Code   RO         1202    .text               c_w.l(libspace.o)
    0x08000da0   0x0000004a   Code   RO         1205    .text               c_w.l(sys_stackheap_outer.o)
    0x08000dea   0x0000000c   Code   RO         1209    .text               c_w.l(exit.o)
    0x08000df6   0x00000002   PAD
    0x08000df8   0x00000080   Code   RO         1211    .text               c_w.l(strcmpv7m.o)
    0x08000e78   0x0000003e   Code   RO         1163    CL$$btod_d2e        c_w.l(btod.o)
    0x08000eb6   0x00000046   Code   RO         1165    CL$$btod_d2e_denorm_low  c_w.l(btod.o)
    0x08000efc   0x00000060   Code   RO         1164    CL$$btod_d2e_norm_op1  c_w.l(btod.o)
    0x08000f5c   0x00000338   Code   RO         1173    CL$$btod_div_common  c_w.l(btod.o)
    0x08001294   0x000000c6   Code   RO         1170    CL$$btod_e2e        c_w.l(btod.o)
    0x0800135a   0x00000028   Code   RO         1167    CL$$btod_ediv       c_w.l(btod.o)
    0x08001382   0x00000028   Code   RO         1166    CL$$btod_emul       c_w.l(btod.o)
    0x080013aa   0x00000244   Code   RO         1172    CL$$btod_mult_common  c_w.l(btod.o)
    0x080015ee   0x00000002   PAD
    0x080015f0   0x00000040   Code   RO          218    i.I2C_Init          iic.o
    0x08001630   0x00000064   Code   RO          219    i.I2C_Read_ACK      iic.o
    0x08001694   0x00000074   Code   RO          220    i.I2C_Read_Byte     iic.o
    0x08001708   0x0000004c   Code   RO          221    i.I2C_Start         iic.o
    0x08001754   0x00000044   Code   RO          222    i.I2C_Stop          iic.o
    0x08001798   0x00000058   Code   RO          223    i.I2C_Write_ACK     iic.o
    0x080017f0   0x00000070   Code   RO          224    i.I2C_Write_Byte    iic.o
    0x08001860   0x00000038   Code   RO          272    i.LED_Init          mpu6050.o
    0x08001898   0x00000030   Code   RO          274    i.MPU6050_Init      mpu6050.o
    0x080018c8   0x0000003c   Code   RO          276    i.MPU6050_Write_Reg  mpu6050.o
    0x08001904   0x0000008c   Code   RO          277    i.MPU_Read_Len      mpu6050.o
    0x08001990   0x00000068   Code   RO          278    i.MPU_Write_Len     mpu6050.o
    0x080019f8   0x00000068   Code   RO           99    i.MYRCC_DeInit      sys.o
    0x08001a60   0x00000078   Code   RO          100    i.MY_NVIC_Init      sys.o
    0x08001ad8   0x00000028   Code   RO          101    i.MY_NVIC_PriorityGroupConfig  sys.o
    0x08001b00   0x00000014   Code   RO          102    i.MY_NVIC_SetVectorTable  sys.o
    0x08001b14   0x00000008   Code   RO          878    i.SetSysClock       system_stm32f10x.o
    0x08001b1c   0x000000e0   Code   RO          879    i.SetSysClockTo72   system_stm32f10x.o
    0x08001bfc   0x00000090   Code   RO          103    i.Stm32_Clock_Init  sys.o
    0x08001c8c   0x00000060   Code   RO          881    i.SystemInit        system_stm32f10x.o
    0x08001cec   0x0000003c   Code   RO          834    i.TIM4_IRQHandler   usart2.o
    0x08001d28   0x00000050   Code   RO          835    i.TIM4_Init         usart2.o
    0x08001d78   0x00000084   Code   RO          177    i.USART1_IRQHandler  usart.o
    0x08001dfc   0x00000068   Code   RO          836    i.USART2_IRQHandler  usart2.o
    0x08001e64   0x000000bc   Code   RO          837    i.USART2_Init       usart2.o
    0x08001f20   0x0000001c   Code   RO            1    i.USART2_Send_Byte  test.o
    0x08001f3c   0x00000028   Code   RO         1112    i.__ARM_fpclassify  m_ws.l(fpclassify.o)
    0x08001f64   0x000000aa   Code   RO         1114    i.__kernel_poly     m_ws.l(poly.o)
    0x0800200e   0x00000006   Code   RO         1099    i.__mathlib_dbl_infnan  m_ws.l(dunder.o)
    0x08002014   0x00000004   Code   RO         1100    i.__mathlib_dbl_infnan2  m_ws.l(dunder.o)
    0x08002018   0x0000000c   Code   RO         1101    i.__mathlib_dbl_invalid  m_ws.l(dunder.o)
    0x08002024   0x00000010   Code   RO         1104    i.__mathlib_dbl_underflow  m_ws.l(dunder.o)
    0x08002034   0x0000000e   Code   RO          963    i._is_digit         c_w.l(__printf_wp.o)
    0x08002042   0x00000006   Code   RO          178    i._sys_exit         usart.o
    0x08002048   0x000000a8   Code   RO          320    i.accel_self_test   inv_mpu.o
    0x080020f0   0x00000270   Code   RO         1028    i.asin              m_ws.l(asin.o)
    0x08002360   0x00000220   Code   RO         1089    i.atan              m_ws.l(atan.o)
    0x08002580   0x00000180   Code   RO         1038    i.atan2             m_ws.l(atan2.o)
    0x08002700   0x00000064   Code   RO          648    i.decode_gesture    inv_mpu_dmp_motion_driver.o
    0x08002764   0x00000010   Code   RO          225    i.delay             iic.o
    0x08002774   0x00000040   Code   RO           68    i.delay_init        delay.o
    0x080027b4   0x0000003c   Code   RO           69    i.delay_ms          delay.o
    0x080027f0   0x0000003c   Code   RO          649    i.dmp_enable_6x_lp_quat  inv_mpu_dmp_motion_driver.o
    0x0800282c   0x0000021c   Code   RO          650    i.dmp_enable_feature  inv_mpu_dmp_motion_driver.o
    0x08002a48   0x00000058   Code   RO          651    i.dmp_enable_gyro_cal  inv_mpu_dmp_motion_driver.o
    0x08002aa0   0x0000003c   Code   RO          652    i.dmp_enable_lp_quat  inv_mpu_dmp_motion_driver.o
    0x08002adc   0x00000018   Code   RO          657    i.dmp_load_motion_driver_firmware  inv_mpu_dmp_motion_driver.o
    0x08002af4   0x000001cc   Code   RO          658    i.dmp_read_fifo     inv_mpu_dmp_motion_driver.o
    0x08002cc0   0x00000130   Code   RO          661    i.dmp_set_accel_bias  inv_mpu_dmp_motion_driver.o
    0x08002df0   0x00000070   Code   RO          662    i.dmp_set_fifo_rate  inv_mpu_dmp_motion_driver.o
    0x08002e60   0x00000130   Code   RO          663    i.dmp_set_gyro_bias  inv_mpu_dmp_motion_driver.o
    0x08002f90   0x00000138   Code   RO          665    i.dmp_set_orientation  inv_mpu_dmp_motion_driver.o
    0x080030c8   0x00000038   Code   RO          668    i.dmp_set_shake_reject_thresh  inv_mpu_dmp_motion_driver.o
    0x08003100   0x00000026   Code   RO          669    i.dmp_set_shake_reject_time  inv_mpu_dmp_motion_driver.o
    0x08003126   0x00000026   Code   RO          670    i.dmp_set_shake_reject_timeout  inv_mpu_dmp_motion_driver.o
    0x0800314c   0x00000046   Code   RO          671    i.dmp_set_tap_axes  inv_mpu_dmp_motion_driver.o
    0x08003192   0x00000026   Code   RO          672    i.dmp_set_tap_count  inv_mpu_dmp_motion_driver.o
    0x080031b8   0x000001a0   Code   RO          673    i.dmp_set_tap_thresh  inv_mpu_dmp_motion_driver.o
    0x08003358   0x00000026   Code   RO          674    i.dmp_set_tap_time  inv_mpu_dmp_motion_driver.o
    0x0800337e   0x00000026   Code   RO          675    i.dmp_set_tap_time_multi  inv_mpu_dmp_motion_driver.o
    0x080033a4   0x0000001c   Code   RO          179    i.fputc             usart.o
    0x080033c0   0x000000b4   Code   RO          321    i.get_accel_prod_shift  inv_mpu.o
    0x08003474   0x00000470   Code   RO          322    i.get_st_biases     inv_mpu.o
    0x080038e4   0x00000110   Code   RO          323    i.gyro_self_test    inv_mpu.o
    0x080039f4   0x00000028   Code   RO          324    i.inv_orientation_matrix_to_scalar  inv_mpu.o
    0x08003a1c   0x0000004e   Code   RO          325    i.inv_row_2_scale   inv_mpu.o
    0x08003a6a   0x00000002   PAD
    0x08003a6c   0x000000f8   Code   RO            2    i.main              test.o
    0x08003b64   0x00000002   Code   RO          326    i.mget_ms           inv_mpu.o
    0x08003b66   0x00000002   PAD
    0x08003b68   0x00000070   Code   RO          327    i.mpu_configure_fifo  inv_mpu.o
    0x08003bd8   0x00000224   Code   RO          328    i.mpu_dmp_get_data  inv_mpu.o
    0x08003dfc   0x000000a0   Code   RO          329    i.mpu_dmp_init      inv_mpu.o
    0x08003e9c   0x0000004c   Code   RO          330    i.mpu_get_accel_fsr  inv_mpu.o
    0x08003ee8   0x00000054   Code   RO          332    i.mpu_get_accel_sens  inv_mpu.o
    0x08003f3c   0x00000010   Code   RO          337    i.mpu_get_fifo_config  inv_mpu.o
    0x08003f4c   0x00000044   Code   RO          338    i.mpu_get_gyro_fsr  inv_mpu.o
    0x08003f90   0x00000050   Code   RO          340    i.mpu_get_gyro_sens  inv_mpu.o
    0x08003fe0   0x00000050   Code   RO          342    i.mpu_get_lpf       inv_mpu.o
    0x08004030   0x00000020   Code   RO          344    i.mpu_get_sample_rate  inv_mpu.o
    0x08004050   0x000001f0   Code   RO          346    i.mpu_init          inv_mpu.o
    0x08004240   0x000000b8   Code   RO          347    i.mpu_load_firmware  inv_mpu.o
    0x080042f8   0x000000e0   Code   RO          348    i.mpu_lp_accel_mode  inv_mpu.o
    0x080043d8   0x000000c0   Code   RO          351    i.mpu_read_fifo_stream  inv_mpu.o
    0x08004498   0x00000080   Code   RO          352    i.mpu_read_mem      inv_mpu.o
    0x08004518   0x000001c8   Code   RO          355    i.mpu_reset_fifo    inv_mpu.o
    0x080046e0   0x0000011c   Code   RO          356    i.mpu_run_self_test  inv_mpu.o
    0x080047fc   0x00000084   Code   RO          358    i.mpu_set_accel_fsr  inv_mpu.o
    0x08004880   0x0000014c   Code   RO          359    i.mpu_set_bypass    inv_mpu.o
    0x080049cc   0x00000090   Code   RO          361    i.mpu_set_dmp_state  inv_mpu.o
    0x08004a5c   0x00000088   Code   RO          362    i.mpu_set_gyro_fsr  inv_mpu.o
    0x08004ae4   0x0000006c   Code   RO          363    i.mpu_set_int_latched  inv_mpu.o
    0x08004b50   0x00000084   Code   RO          365    i.mpu_set_lpf       inv_mpu.o
    0x08004bd4   0x0000009c   Code   RO          366    i.mpu_set_sample_rate  inv_mpu.o
    0x08004c70   0x000000d0   Code   RO          367    i.mpu_set_sensors   inv_mpu.o
    0x08004d40   0x00000080   Code   RO          368    i.mpu_write_mem     inv_mpu.o
    0x08004dc0   0x00000094   Code   RO          369    i.run_self_test     inv_mpu.o
    0x08004e54   0x00000090   Code   RO          370    i.set_int_enable    inv_mpu.o
    0x08004ee4   0x0000004c   Code   RO         1118    i.sqrt              m_ws.l(sqrt.o)
    0x08004f30   0x000000dc   Code   RO          180    i.uart_init         usart.o
    0x0800500c   0x0000002c   Code   RO         1190    locale$$code        c_w.l(lc_numeric_c.o)
    0x08005038   0x00000062   Code   RO          987    x$fpl$d2f           fz_ws.l(d2f.o)
    0x0800509a   0x00000002   PAD
    0x0800509c   0x00000150   Code   RO         1065    x$fpl$dadd          fz_ws.l(daddsub_clz.o)
    0x080051ec   0x00000010   Code   RO         1194    x$fpl$dcheck1       fz_ws.l(dcheck1.o)
    0x080051fc   0x000002b0   Code   RO         1072    x$fpl$ddiv          fz_ws.l(ddiv.o)
    0x080054ac   0x00000154   Code   RO          989    x$fpl$dmul          fz_ws.l(dmul.o)
    0x08005600   0x0000009c   Code   RO         1075    x$fpl$dnaninf       fz_ws.l(dnaninf.o)
    0x0800569c   0x0000000c   Code   RO         1077    x$fpl$dretinf       fz_ws.l(dretinf.o)
    0x080056a8   0x00000016   Code   RO         1066    x$fpl$drsb          fz_ws.l(daddsub_clz.o)
    0x080056be   0x00000002   PAD
    0x080056c0   0x000001cc   Code   RO         1198    x$fpl$dsqrt         fz_ws.l(dsqrt_noumaal.o)
    0x0800588c   0x000001d4   Code   RO         1067    x$fpl$dsub          fz_ws.l(daddsub_clz.o)
    0x08005a60   0x00000056   Code   RO          991    x$fpl$f2d           fz_ws.l(f2d.o)
    0x08005ab6   0x00000002   PAD
    0x08005ab8   0x000000c4   Code   RO          993    x$fpl$fadd          fz_ws.l(faddsub_clz.o)
    0x08005b7c   0x00000018   Code   RO         1079    x$fpl$fcmpinf       fz_ws.l(fcmpi.o)
    0x08005b94   0x00000184   Code   RO         1000    x$fpl$fdiv          fz_ws.l(fdiv.o)
    0x08005d18   0x00000068   Code   RO         1003    x$fpl$feqf          fz_ws.l(feqf.o)
    0x08005d80   0x00000036   Code   RO         1005    x$fpl$ffix          fz_ws.l(ffix.o)
    0x08005db6   0x00000002   PAD
    0x08005db8   0x0000003e   Code   RO         1009    x$fpl$ffixu         fz_ws.l(ffixu.o)
    0x08005df6   0x00000002   PAD
    0x08005df8   0x00000030   Code   RO         1014    x$fpl$fflt          fz_ws.l(fflt_clz.o)
    0x08005e28   0x00000026   Code   RO         1013    x$fpl$ffltu         fz_ws.l(fflt_clz.o)
    0x08005e4e   0x00000002   PAD
    0x08005e50   0x00000068   Code   RO         1019    x$fpl$fleqf         fz_ws.l(fleqf.o)
    0x08005eb8   0x00000102   Code   RO         1021    x$fpl$fmul          fz_ws.l(fmul.o)
    0x08005fba   0x0000008c   Code   RO         1081    x$fpl$fnaninf       fz_ws.l(fnaninf.o)
    0x08006046   0x0000000a   Code   RO         1083    x$fpl$fretinf       fz_ws.l(fretinf.o)
    0x08006050   0x00000062   Code   RO         1023    x$fpl$frleqf        fz_ws.l(frleqf.o)
    0x080060b2   0x00000014   Code   RO          994    x$fpl$frsb          fz_ws.l(faddsub_clz.o)
    0x080060c6   0x00000002   PAD
    0x080060c8   0x000000ea   Code   RO          995    x$fpl$fsub          fz_ws.l(faddsub_clz.o)
    0x080061b2   0x00000004   Code   RO         1025    x$fpl$printf1       fz_ws.l(printf1.o)
    0x080061b6   0x00000064   Code   RO         1266    x$fpl$retnan        fz_ws.l(retnan.o)
    0x0800621a   0x0000005c   Code   RO         1085    x$fpl$scalbn        fz_ws.l(scalbn.o)
    0x08006276   0x00000030   Code   RO         1278    x$fpl$trapveneer    fz_ws.l(trapv.o)
    0x080062a6   0x00000000   Code   RO         1087    x$fpl$usenofp       fz_ws.l(usenofp.o)
    0x080062a6   0x00000002   PAD
    0x080062a8   0x00000050   Data   RO          372    .constdata          inv_mpu.o
    0x080062f8   0x00000bf6   Data   RO          677    .constdata          inv_mpu_dmp_motion_driver.o
    0x08006eee   0x00000011   Data   RO          966    .constdata          c_w.l(__printf_flags_wp.o)
    0x08006eff   0x00000001   PAD
    0x08006f00   0x00000050   Data   RO         1029    .constdata          m_ws.l(asin.o)
    0x08006f50   0x00000098   Data   RO         1090    .constdata          m_ws.l(atan.o)
    0x08006fe8   0x00000008   Data   RO         1116    .constdata          m_ws.l(qnan.o)
    0x08006ff0   0x00000094   Data   RO         1161    .constdata          c_w.l(bigflt0.o)
    0x08007084   0x0000004d   Data   RO          373    .conststring        inv_mpu.o
    0x080070d1   0x00000003   PAD
    0x080070d4   0x00000020   Data   RO         1348    Region$$Table       anon$$obj.o
    0x080070f4   0x0000001c   Data   RO         1189    locale$$data        c_w.l(lc_numeric_c.o)


    Execution Region RW_IRAM1 (Base: 0x20000000, Size: 0x00000848, Max: 0x00005000, ABSOLUTE)

    Base Addr    Size         Type   Attr      Idx    E Section Name        Object

    0x20000000   0x00000004   Data   RW           71    .data               delay.o
    0x20000004   0x00000006   Data   RW          182    .data               usart.o
    0x2000000a   0x00000002   PAD
    0x2000000c   0x00000035   Data   RW          374    .data               inv_mpu.o
    0x20000041   0x00000001   PAD
    0x20000042   0x00000002   Data   RW          839    .data               usart2.o
    0x20000044   0x000000c8   Zero   RW          181    .bss                usart.o
    0x2000010c   0x00000010   Zero   RW          676    .bss                inv_mpu_dmp_motion_driver.o
    0x2000011c   0x000000c8   Zero   RW          838    .bss                usart2.o
    0x200001e4   0x00000060   Zero   RW         1203    .bss                c_w.l(libspace.o)
    0x20000244   0x00000004   PAD
    0x20000248   0x00000200   Zero   RW          872    HEAP                startup_stm32f10x_md.o
    0x20000448   0x00000400   Zero   RW          871    STACK               startup_stm32f10x_md.o


==============================================================================

Image component sizes


      Code (inc. data)   RO Data    RW Data    ZI Data      Debug   Object Name

       124         12          0          4          0       1188   delay.o
       640         96          0          0          0       3954   iic.o
      6864        290        157         53          0      30020   inv_mpu.o
      3096        122       3062          0         16      20098   inv_mpu_dmp_motion_driver.o
       408         10          0          0          0       3157   mpu6050.o
        64         26        236          0       1536        816   startup_stm32f10x_md.o
       428         44          0          0          0       2840   sys.o
       328         28          0          0          0       1981   system_stm32f10x.o
       276         50          0          0          0     207214   test.o
       386         36          0          6        200       4028   usart.o
       432         60          0          2        200       2786   usart2.o

    ----------------------------------------------------------------------
     13050        774       3490         68       1952     278082   Object Totals
         0          0         32          0          0          0   (incl. Generated)
         4          0          3          3          0          0   (incl. Padding)

    ----------------------------------------------------------------------

      Code (inc. data)   RO Data    RW Data    ZI Data      Debug   Library Member Name

         8          0          0          0          0         68   __main.o
       312          4         17          0          0         92   __printf_flags_wp.o
        14          0          0          0          0         68   __printf_wp.o
         0          0          0          0          0          0   __rtentry.o
        12          0          0          0          0          0   __rtentry2.o
         6          0          0          0          0          0   __rtentry4.o
        52          8          0          0          0          0   __scatter.o
        26          0          0          0          0          0   __scatter_copy.o
        28          0          0          0          0          0   __scatter_zi.o
        48          6          0          0          0         96   _printf_char_common.o
        36          4          0          0          0         80   _printf_char_file.o
         6          0          0          0          0          0   _printf_d.o
       120         16          0          0          0         92   _printf_dec.o
         6          0          0          0          0          0   _printf_f.o
      1050          0          0          0          0        216   _printf_fp_dec.o
       128         16          0          0          0         84   _printf_fp_infnan.o
       178          0          0          0          0         88   _printf_intcommon.o
         0          0          0          0          0          0   _printf_percent.o
         4          0          0          0          0          0   _printf_percent_end.o
        22          0          0          0          0        100   _rserrno.o
        10          0          0          0          0         68   _sputc.o
        16          0          0          0          0         68   aeabi_memset.o
       220          4        148          0          0         96   bigflt0.o
      1910        128          0          0          0        672   btod.o
        12          0          0          0          0         72   exit.o
         8          0          0          0          0         68   ferror.o
         6          0          0          0          0        152   heapauxi.o
        44         10         28          0          0         76   lc_numeric_c.o
         2          0          0          0          0          0   libinit.o
        18          0          0          0          0          0   libinit2.o
         2          0          0          0          0          0   libshutdown.o
         2          0          0          0          0          0   libshutdown2.o
         8          4          0          0         96         68   libspace.o
        72          0          0          0          0         76   llsdiv.o
       138          0          0          0          0         80   lludiv10.o
       238          0          0          0          0        100   lludivv7m.o
        88          0          0          0          0         76   memcmp.o
        24          4          0          0          0         84   noretval__2printf.o
        40          6          0          0          0         84   noretval__2sprintf.o
         8          4          0          0          0         68   rt_errno_addr_intlibspace.o
         8          4          0          0          0         68   rt_locale_intlibspace.o
        68          0          0          0          0         68   rt_memclr.o
        78          0          0          0          0         80   rt_memclr_w.o
         2          0          0          0          0          0   rtexit.o
        10          0          0          0          0          0   rtexit2.o
       128          0          0          0          0         68   strcmpv7m.o
        62          0          0          0          0         76   strlen.o
        74          0          0          0          0         80   sys_stackheap_outer.o
         2          0          0          0          0         68   use_no_semi.o
         2          0          0          0          0         68   use_no_semi_2.o
        98          4          0          0          0         92   d2f.o
       826         16          0          0          0        348   daddsub_clz.o
        16          4          0          0          0         68   dcheck1.o
       688        140          0          0          0        208   ddiv.o
       340         12          0          0          0        104   dmul.o
       156          4          0          0          0         92   dnaninf.o
        12          0          0          0          0         68   dretinf.o
       460         56          0          0          0        120   dsqrt_noumaal.o
        86          4          0          0          0         84   f2d.o
       450          8          0          0          0        236   faddsub_clz.o
        24          0          0          0          0         68   fcmpi.o
       388         76          0          0          0         96   fdiv.o
       104          4          0          0          0         84   feqf.o
        54          4          0          0          0         84   ffix.o
        62          4          0          0          0         84   ffixu.o
        86          0          0          0          0        136   fflt_clz.o
       104          4          0          0          0         84   fleqf.o
       258          4          0          0          0         84   fmul.o
       140          4          0          0          0         84   fnaninf.o
        10          0          0          0          0         68   fretinf.o
        98          0          0          0          0         68   frleqf.o
         4          0          0          0          0         68   printf1.o
       100          0          0          0          0         68   retnan.o
        92          0          0          0          0         68   scalbn.o
        48          0          0          0          0         68   trapv.o
         0          0          0          0          0          0   usenofp.o
       624         52         80          0          0        168   asin.o
       544         70        152          0          0        124   atan.o
       384         38          0          0          0        144   atan2.o
        38          6          0          0          0        272   dunder.o
        40          0          0          0          0         68   fpclassify.o
       170          0          0          0          0         96   poly.o
         0          0          8          0          0          0   qnan.o
        76          0          0          0          0         84   sqrt.o

    ----------------------------------------------------------------------
     11970        732        434          0        100       7056   Library Totals
        34          0          1          0          4          0   (incl. Padding)

    ----------------------------------------------------------------------

      Code (inc. data)   RO Data    RW Data    ZI Data      Debug   Library Name

      5356        218        193          0         96       3468   c_w.l
      4704        348          0          0          0       2632   fz_ws.l
      1876        166        240          0          0        956   m_ws.l

    ----------------------------------------------------------------------
     11970        732        434          0        100       7056   Library Totals

    ----------------------------------------------------------------------

==============================================================================


      Code (inc. data)   RO Data    RW Data    ZI Data      Debug   

     25020       1506       3924         68       2052     276762   Grand Totals
     25020       1506       3924         68       2052     276762   ELF Image Totals
     25020       1506       3924         68          0          0   ROM Totals

==============================================================================

    Total RO  Size (Code + RO Data)                28944 (  28.27kB)
    Total RW  Size (RW Data + ZI Data)              2120 (   2.07kB)
    Total ROM Size (Code + RO Data + RW Data)      29012 (  28.33kB)

==============================================================================

